Archive member included to satisfy reference by file (symbol)

/home/lfvmu/.local/xPacks/@xpack-dev-tools/riscv-none-embed-gcc/10.2.0-1.2.1/.content/bin/../lib/gcc/riscv-none-embed/10.2.0/rv32i/ilp32/libgcc.a(_divdi3.o)
                              /tmp/cc98MT9E.o (__divdi3)
/home/lfvmu/.local/xPacks/@xpack-dev-tools/riscv-none-embed-gcc/10.2.0-1.2.1/.content/bin/../lib/gcc/riscv-none-embed/10.2.0/rv32i/ilp32/libgcc.a(_moddi3.o)
                              /tmp/cc98MT9E.o (__moddi3)
/home/lfvmu/.local/xPacks/@xpack-dev-tools/riscv-none-embed-gcc/10.2.0-1.2.1/.content/bin/../lib/gcc/riscv-none-embed/10.2.0/rv32i/ilp32/libgcc.a(muldi3.o)
                              /tmp/cc98MT9E.o (__mulsi3)
/home/lfvmu/.local/xPacks/@xpack-dev-tools/riscv-none-embed-gcc/10.2.0-1.2.1/.content/bin/../lib/gcc/riscv-none-embed/10.2.0/rv32i/ilp32/libgcc.a(div.o)
                              /home/lfvmu/.local/xPacks/@xpack-dev-tools/riscv-none-embed-gcc/10.2.0-1.2.1/.content/bin/../lib/gcc/riscv-none-embed/10.2.0/rv32i/ilp32/libgcc.a(_divdi3.o) (__divsi3)
/home/lfvmu/.local/xPacks/@xpack-dev-tools/riscv-none-embed-gcc/10.2.0-1.2.1/.content/bin/../lib/gcc/riscv-none-embed/10.2.0/rv32i/ilp32/libgcc.a(_clz.o)
                              /home/lfvmu/.local/xPacks/@xpack-dev-tools/riscv-none-embed-gcc/10.2.0-1.2.1/.content/bin/../lib/gcc/riscv-none-embed/10.2.0/rv32i/ilp32/libgcc.a(_divdi3.o) (__clz_tab)
/home/lfvmu/.local/xPacks/@xpack-dev-tools/riscv-none-embed-gcc/10.2.0-1.2.1/.content/bin/../lib/gcc/riscv-none-embed/10.2.0/../../../../riscv-none-embed/lib/rv32i/ilp32/libg.a(lib_a-assert.o)
                              /tmp/ccQUJmjE.o (__assert_func)
/home/lfvmu/.local/xPacks/@xpack-dev-tools/riscv-none-embed-gcc/10.2.0-1.2.1/.content/bin/../lib/gcc/riscv-none-embed/10.2.0/../../../../riscv-none-embed/lib/rv32i/ilp32/libg.a(lib_a-exit.o)
                              /tmp/cc98MT9E.o (exit)
/home/lfvmu/.local/xPacks/@xpack-dev-tools/riscv-none-embed-gcc/10.2.0-1.2.1/.content/bin/../lib/gcc/riscv-none-embed/10.2.0/../../../../riscv-none-embed/lib/rv32i/ilp32/libg.a(lib_a-fiprintf.o)
                              /home/lfvmu/.local/xPacks/@xpack-dev-tools/riscv-none-embed-gcc/10.2.0-1.2.1/.content/bin/../lib/gcc/riscv-none-embed/10.2.0/../../../../riscv-none-embed/lib/rv32i/ilp32/libg.a(lib_a-assert.o) (fiprintf)
/home/lfvmu/.local/xPacks/@xpack-dev-tools/riscv-none-embed-gcc/10.2.0-1.2.1/.content/bin/../lib/gcc/riscv-none-embed/10.2.0/../../../../riscv-none-embed/lib/rv32i/ilp32/libg.a(lib_a-impure.o)
                              /home/lfvmu/.local/xPacks/@xpack-dev-tools/riscv-none-embed-gcc/10.2.0-1.2.1/.content/bin/../lib/gcc/riscv-none-embed/10.2.0/../../../../riscv-none-embed/lib/rv32i/ilp32/libg.a(lib_a-exit.o) (_global_impure_ptr)
/home/lfvmu/.local/xPacks/@xpack-dev-tools/riscv-none-embed-gcc/10.2.0-1.2.1/.content/bin/../lib/gcc/riscv-none-embed/10.2.0/../../../../riscv-none-embed/lib/rv32i/ilp32/libg.a(lib_a-memcpy.o)
                              /tmp/cc98MT9E.o (memcpy)
/home/lfvmu/.local/xPacks/@xpack-dev-tools/riscv-none-embed-gcc/10.2.0-1.2.1/.content/bin/../lib/gcc/riscv-none-embed/10.2.0/../../../../riscv-none-embed/lib/rv32i/ilp32/libg.a(lib_a-realloc.o)
                              /tmp/cc98MT9E.o (realloc)
/home/lfvmu/.local/xPacks/@xpack-dev-tools/riscv-none-embed-gcc/10.2.0-1.2.1/.content/bin/../lib/gcc/riscv-none-embed/10.2.0/../../../../riscv-none-embed/lib/rv32i/ilp32/libg.a(lib_a-reallocr.o)
                              /home/lfvmu/.local/xPacks/@xpack-dev-tools/riscv-none-embed-gcc/10.2.0-1.2.1/.content/bin/../lib/gcc/riscv-none-embed/10.2.0/../../../../riscv-none-embed/lib/rv32i/ilp32/libg.a(lib_a-realloc.o) (_realloc_r)
/home/lfvmu/.local/xPacks/@xpack-dev-tools/riscv-none-embed-gcc/10.2.0-1.2.1/.content/bin/../lib/gcc/riscv-none-embed/10.2.0/../../../../riscv-none-embed/lib/rv32i/ilp32/libg.a(lib_a-strlen.o)
                              /tmp/cc98MT9E.o (strlen)
/home/lfvmu/.local/xPacks/@xpack-dev-tools/riscv-none-embed-gcc/10.2.0-1.2.1/.content/bin/../lib/gcc/riscv-none-embed/10.2.0/../../../../riscv-none-embed/lib/rv32i/ilp32/libg.a(lib_a-vfiprintf.o)
                              /home/lfvmu/.local/xPacks/@xpack-dev-tools/riscv-none-embed-gcc/10.2.0-1.2.1/.content/bin/../lib/gcc/riscv-none-embed/10.2.0/../../../../riscv-none-embed/lib/rv32i/ilp32/libg.a(lib_a-fiprintf.o) (_vfiprintf_r)
/home/lfvmu/.local/xPacks/@xpack-dev-tools/riscv-none-embed-gcc/10.2.0-1.2.1/.content/bin/../lib/gcc/riscv-none-embed/10.2.0/../../../../riscv-none-embed/lib/rv32i/ilp32/libg.a(lib_a-wsetup.o)
                              /home/lfvmu/.local/xPacks/@xpack-dev-tools/riscv-none-embed-gcc/10.2.0-1.2.1/.content/bin/../lib/gcc/riscv-none-embed/10.2.0/../../../../riscv-none-embed/lib/rv32i/ilp32/libg.a(lib_a-vfiprintf.o) (__swsetup_r)
[...]
Memory Configuration

Name             Origin             Length             Attributes
*default*        0x0000000000000000 0xffffffffffffffff

Linker script and memory map

LOAD /tmp/ccbSxr5E.o
LOAD /tmp/cc98MT9E.o
LOAD /tmp/ccdDufLG.o
LOAD /tmp/ccfrSluE.o
LOAD /tmp/ccQUJmjE.o
LOAD /tmp/ccWa1hFH.o
LOAD /home/lfvmu/.local/xPacks/@xpack-dev-tools/riscv-none-embed-gcc/10.2.0-1.2.1/.content/bin/../lib/gcc/riscv-none-embed/10.2.0/rv32i/ilp32/libgcc.a
START GROUP
LOAD /home/lfvmu/.local/xPacks/@xpack-dev-tools/riscv-none-embed-gcc/10.2.0-1.2.1/.content/bin/../lib/gcc/riscv-none-embed/10.2.0/rv32i/ilp32/libgcc.a
LOAD /home/lfvmu/.local/xPacks/@xpack-dev-tools/riscv-none-embed-gcc/10.2.0-1.2.1/.content/bin/../lib/gcc/riscv-none-embed/10.2.0/../../../../riscv-none-embed/lib/rv32i/ilp32/libg.a
LOAD /home/lfvmu/.local/xPacks/@xpack-dev-tools/riscv-none-embed-gcc/10.2.0-1.2.1/.content/bin/../lib/gcc/riscv-none-embed/10.2.0/../../../../riscv-none-embed/lib/rv32i/ilp32/libc.a
END GROUP
LOAD /home/lfvmu/.local/xPacks/@xpack-dev-tools/riscv-none-embed-gcc/10.2.0-1.2.1/.content/bin/../lib/gcc/riscv-none-embed/10.2.0/rv32i/ilp32/libgcc.a
START GROUP
LOAD /home/lfvmu/.local/xPacks/@xpack-dev-tools/riscv-none-embed-gcc/10.2.0-1.2.1/.content/bin/../lib/gcc/riscv-none-embed/10.2.0/rv32i/ilp32/libgcc.a
LOAD /home/lfvmu/.local/xPacks/@xpack-dev-tools/riscv-none-embed-gcc/10.2.0-1.2.1/.content/bin/../lib/gcc/riscv-none-embed/10.2.0/../../../../riscv-none-embed/lib/rv32i/ilp32/libc.a
LOAD /home/lfvmu/.local/xPacks/@xpack-dev-tools/riscv-none-embed-gcc/10.2.0-1.2.1/.content/bin/../lib/gcc/riscv-none-embed/10.2.0/../../../../riscv-none-embed/lib/rv32i/ilp32/libnosys.a
END GROUP
                0x0000000000000000                . = 0x0

.text           0x0000000000000000     0xe328
 *start.o(.text)
 *(.text*)
 .text          0x0000000000000000       0x1c /tmp/ccbSxr5E.o
                0x0000000000000000                _start
 .text          0x000000000000001c     0x62f0 /tmp/cc98MT9E.o
                0x000000000000001c                compare_tags
                0x00000000000000f4                delay_tag
                0x000000000000028c                get_elapsed_logical_time
                0x00000000000002e8                get_current_tag
                0x0000000000000334                get_logical_time
                0x0000000000000364                get_microstep
                0x000000000000038c                get_physical_time
                0x0000000000000494                get_start_time
                0x00000000000004c0                get_elapsed_physical_time
                0x0000000000000518                set_physical_clock_offset
                0x000000000000057c                lf_readable_time
                0x0000000000000bcc                lf_comma_separated_time
                0x0000000000000e38                convert_volatile_tag_to_nonvolatile
                0x0000000000000e88                find_equal
                0x0000000000000fe4                find_equal_same_priority
                0x0000000000001194                pqueue_init
                0x00000000000012ac                pqueue_free
                0x00000000000012ec                pqueue_size
                0x0000000000001714                pqueue_find_equal_same_priority
                0x0000000000001754                pqueue_find_equal
                0x00000000000017a4                pqueue_insert
                0x0000000000001898                pqueue_remove
                0x00000000000019c4                pqueue_pop
                0x0000000000001a6c                pqueue_peek
                0x0000000000001ac0                pqueue_dump
                0x0000000000001b3c                pqueue_print
                0x0000000000001e68                pqueue_is_valid
                0x0000000000001ea0                get_fed_id
                0x0000000000001ec4                _lf_message_print
                0x0000000000002048                info_print
                0x00000000000020c0                log_print
                0x0000000000002138                debug_print
                0x00000000000021b0                error_print
                0x0000000000002228                warning_print
                0x00000000000022a0                error_print_and_exit
                0x000000000000230c                register_print_function
                0x00000000000023a4                _lf_allocate
                0x0000000000002468                _lf_new_reactor
                0x00000000000024a8                _lf_free
                0x0000000000002528                _lf_free_reactor
                0x0000000000002564                _lf_free_all_reactors
                0x00000000000025d4                _lf_set_stop_tag
                0x0000000000002690                get_stp_offset
                0x00000000000026bc                set_stp_offset
                0x0000000000002974                _lf_done_using
                0x0000000000002aac                _lf_start_time_step
                0x0000000000002c8c                _lf_create_token
                0x0000000000002d3c                create_token
                0x0000000000002d94                _lf_initialize_token_with_value
                0x0000000000002e10                _lf_initialize_token
                0x0000000000002e8c                _lf_is_tag_after_stop_tag
                0x0000000000002f1c                _lf_pop_events
                0x0000000000003210                _lf_initialize_timer
                0x000000000000334c                _lf_get_new_event
                0x00000000000033b8                _lf_recycle_event
                0x0000000000003430                _lf_create_dummy_events
                0x0000000000003524                _lf_replace_token
                0x000000000000357c                _lf_schedule_at_tag
                0x0000000000003aac                _lf_schedule
                0x0000000000004200                _lf_insert_reactions_for_trigger
                0x0000000000004390                _lf_action_to_trigger
                0x00000000000043b8                _lf_advance_logical_time
                0x0000000000004490                _lf_schedule_int
                0x000000000000452c                _lf_set_new_array_impl
                0x000000000000459c                _lf_check_deadline
                0x000000000000465c                schedule_output_reactions
                0x0000000000004938                writable_copy
                0x0000000000004a1c                usage
                0x0000000000004b34                process_args
                0x0000000000004b5c                initialize
                0x0000000000004df8                termination
                0x0000000000004ff4                _lf_schedule_token
                0x000000000000504c                _lf_schedule_value
                0x00000000000050d4                _lf_schedule_copy
                0x00000000000051dc                _lf_set_present
                0x0000000000005250                wait_until
                0x00000000000052f8                print_snapshot
                0x0000000000005314                _lf_enqueue_reaction
                0x0000000000005368                _lf_do_step
                0x000000000000554c                next
                0x000000000000578c                request_stop
                0x0000000000005808                _lf_notify_workers
                0x0000000000005824                _lf_is_blocked_by_executing_reaction
                0x0000000000005844                lf_reactor_c_main
                0x00000000000059b0                main
                0x0000000000005a14                sourcereaction_function_0
                0x0000000000005a90                new_Source
                0x0000000000005b48                sinkreaction_function_0
                0x0000000000005bb0                new_Sink
                0x0000000000005c78                new_Time
                0x0000000000005cac                _lf_set_default_command_line_options
                0x0000000000005ce4                _lf_action_for_port
                0x0000000000005d08                _lf_initialize_trigger_objects
                0x000000000000619c                _lf_trigger_startup_reactions
                0x00000000000061b8                _lf_initialize_timers
                0x0000000000006240                logical_tag_complete
                0x000000000000625c                _lf_trigger_shutdown_reactions
                0x00000000000062f0                terminate_execution
 .text          0x000000000000630c      0x240 /tmp/ccdDufLG.o
                0x000000000000630c                lf_clock_gettime
                0x0000000000006330                lf_nanosleep
                0x0000000000006358                lf_initialize_clock
                0x0000000000006374                malloc
                0x00000000000063a8                calloc
                0x00000000000063e4                free
                0x0000000000006414                printf
                0x0000000000006454                puts
                0x0000000000006478                sprintf
                0x00000000000064b8                snprintf
                0x00000000000064f8                vprintf
                0x0000000000006520                vfprintf
 .text          0x000000000000654c      0x204 /tmp/ccfrSluE.o
                0x000000000000654c                schedule
                0x0000000000006594                schedule_int
                0x00000000000065e0                schedule_token
                0x000000000000662c                schedule_copy
                0x00000000000066a4                schedule_value
                0x000000000000671c                check_deadline
 .text          0x0000000000006750      0x2f0 /tmp/ccQUJmjE.o
                0x0000000000006750                mixed_radix_incr
                0x00000000000068c4                mixed_radix_parent
                0x0000000000006a08                mixed_radix_to_int
 .text          0x0000000000006a40      0x9b8 /tmp/ccWa1hFH.o
                0x0000000000006c84                ta_init
                0x0000000000006dac                ta_free
                0x000000000000713c                ta_alloc
                0x0000000000007220                ta_calloc
                0x00000000000072e4                ta_num_free
                0x0000000000007320                ta_num_used
                0x000000000000735c                ta_num_fresh
                0x0000000000007398                ta_check
 .text          0x00000000000073f8        0x0 /home/lfvmu/.local/xPacks/@xpack-dev-tools/riscv-none-embed-gcc/10.2.0-1.2.1/.content/bin/../lib/gcc/riscv-none-embed/10.2.0/rv32i/ilp32/libgcc.a(_divdi3.o)
 .text.__divdi3
                0x00000000000073f8      0x69c /home/lfvmu/.local/xPacks/@xpack-dev-tools/riscv-none-embed-gcc/10.2.0-1.2.1/.content/bin/../lib/gcc/riscv-none-embed/10.2.0/rv32i/ilp32/libgcc.a(_divdi3.o)
                0x00000000000073f8                __divdi3
 .text          0x0000000000007a94        0x0 /home/lfvmu/.local/xPacks/@xpack-dev-tools/riscv-none-embed-gcc/10.2.0-1.2.1/.content/bin/../lib/gcc/riscv-none-embed/10.2.0/rv32i/ilp32/libgcc.a(_moddi3.o)
 .text.__moddi3
                0x0000000000007a94      0x638 /home/lfvmu/.local/xPacks/@xpack-dev-tools/riscv-none-embed-gcc/10.2.0-1.2.1/.content/bin/../lib/gcc/riscv-none-embed/10.2.0/rv32i/ilp32/libgcc.a(_moddi3.o)
                0x0000000000007a94                __moddi3
 .text          0x00000000000080cc       0x24 /home/lfvmu/.local/xPacks/@xpack-dev-tools/riscv-none-embed-gcc/10.2.0-1.2.1/.content/bin/../lib/gcc/riscv-none-embed/10.2.0/rv32i/ilp32/libgcc.a(muldi3.o)
                0x00000000000080cc                __mulsi3
 .text          0x00000000000080f0       0xb4 /home/lfvmu/.local/xPacks/@xpack-dev-tools/riscv-none-embed-gcc/10.2.0-1.2.1/.content/bin/../lib/gcc/riscv-none-embed/10.2.0/rv32i/ilp32/libgcc.a(div.o)
                0x00000000000080f0                __divsi3
                0x00000000000080f8                __udivsi3
                0x0000000000008140                __umodsi3
                0x0000000000008174                __modsi3
 .text          0x00000000000081a4        0x0 /home/lfvmu/.local/xPacks/@xpack-dev-tools/riscv-none-embed-gcc/10.2.0-1.2.1/.content/bin/../lib/gcc/riscv-none-embed/10.2.0/rv32i/ilp32/libgcc.a(_clz.o)
 .text          0x00000000000081a4        0x0 /home/lfvmu/.local/xPacks/@xpack-dev-tools/riscv-none-embed-gcc/10.2.0-1.2.1/.content/bin/../lib/gcc/riscv-none-embed/10.2.0/../../../../riscv-none-embed/lib/rv32i/ilp32/libg.a(lib_a-assert.o)
 .text.__assert_func
                0x00000000000081a4       0x58 /home/lfvmu/.local/xPacks/@xpack-dev-tools/riscv-none-embed-gcc/10.2.0-1.2.1/.content/bin/../lib/gcc/riscv-none-embed/10.2.0/../../../../riscv-none-embed/lib/rv32i/ilp32/libg.a(lib_a-assert.o)
                0x00000000000081a4                __assert_func
 .text.__assert
                0x00000000000081fc       0x14 /home/lfvmu/.local/xPacks/@xpack-dev-tools/riscv-none-embed-gcc/10.2.0-1.2.1/.content/bin/../lib/gcc/riscv-none-embed/10.2.0/../../../../riscv-none-embed/lib/rv32i/ilp32/libg.a(lib_a-assert.o)
                0x00000000000081fc                __assert
 .text          0x0000000000008210        0x0 /home/lfvmu/.local/xPacks/@xpack-dev-tools/riscv-none-embed-gcc/10.2.0-1.2.1/.content/bin/../lib/gcc/riscv-none-embed/10.2.0/../../../../riscv-none-embed/lib/rv32i/ilp32/libg.a(lib_a-exit.o)
 .text.exit     0x0000000000008210       0x30 /home/lfvmu/.local/xPacks/@xpack-dev-tools/riscv-none-embed-gcc/10.2.0-1.2.1/.content/bin/../lib/gcc/riscv-none-embed/10.2.0/../../../../riscv-none-embed/lib/rv32i/ilp32/libg.a(lib_a-exit.o)
                0x0000000000008210                exit
 .text          0x0000000000008240        0x0 /home/lfvmu/.local/xPacks/@xpack-dev-tools/riscv-none-embed-gcc/10.2.0-1.2.1/.content/bin/../lib/gcc/riscv-none-embed/10.2.0/../../../../riscv-none-embed/lib/rv32i/ilp32/libg.a(lib_a-fiprintf.o)
 .text._fiprintf_r
                0x0000000000008240       0x38 /home/lfvmu/.local/xPacks/@xpack-dev-tools/riscv-none-embed-gcc/10.2.0-1.2.1/.content/bin/../lib/gcc/riscv-none-embed/10.2.0/../../../../riscv-none-embed/lib/rv32i/ilp32/libg.a(lib_a-fiprintf.o)
                0x0000000000008240                _fiprintf_r
 .text.fiprintf
                0x0000000000008278       0x4c /home/lfvmu/.local/xPacks/@xpack-dev-tools/riscv-none-embed-gcc/10.2.0-1.2.1/.content/bin/../lib/gcc/riscv-none-embed/10.2.0/../../../../riscv-none-embed/lib/rv32i/ilp32/libg.a(lib_a-fiprintf.o)
                0x0000000000008278                fiprintf
 .text          0x00000000000082c4        0x0 /home/lfvmu/.local/xPacks/@xpack-dev-tools/riscv-none-embed-gcc/10.2.0-1.2.1/.content/bin/../lib/gcc/riscv-none-embed/10.2.0/../../../../riscv-none-embed/lib/rv32i/ilp32/libg.a(lib_a-impure.o)
 .text          0x00000000000082c4        0x0 /home/lfvmu/.local/xPacks/@xpack-dev-tools/riscv-none-embed-gcc/10.2.0-1.2.1/.content/bin/../lib/gcc/riscv-none-embed/10.2.0/../../../../riscv-none-embed/lib/rv32i/ilp32/libg.a(lib_a-memcpy.o)
 .text.memcpy   0x00000000000082c4      0x128 /home/lfvmu/.local/xPacks/@xpack-dev-tools/riscv-none-embed-gcc/10.2.0-1.2.1/.content/bin/../lib/gcc/riscv-none-embed/10.2.0/../../../../riscv-none-embed/lib/rv32i/ilp32/libg.a(lib_a-memcpy.o)
                0x00000000000082c4                memcpy
 .text          0x00000000000083ec        0x0 /home/lfvmu/.local/xPacks/@xpack-dev-tools/riscv-none-embed-gcc/10.2.0-1.2.1/.content/bin/../lib/gcc/riscv-none-embed/10.2.0/../../../../riscv-none-embed/lib/rv32i/ilp32/libg.a(lib_a-realloc.o)
 .text.realloc  0x00000000000083ec       0x14 /home/lfvmu/.local/xPacks/@xpack-dev-tools/riscv-none-embed-gcc/10.2.0-1.2.1/.content/bin/../lib/gcc/riscv-none-embed/10.2.0/../../../../riscv-none-embed/lib/rv32i/ilp32/libg.a(lib_a-realloc.o)
                0x00000000000083ec                realloc
 .text          0x0000000000008400        0x0 /home/lfvmu/.local/xPacks/@xpack-dev-tools/riscv-none-embed-gcc/10.2.0-1.2.1/.content/bin/../lib/gcc/riscv-none-embed/10.2.0/../../../../riscv-none-embed/lib/rv32i/ilp32/libg.a(lib_a-reallocr.o)
 .text._realloc_r
                0x0000000000008400      0x578 /home/lfvmu/.local/xPacks/@xpack-dev-tools/riscv-none-embed-gcc/10.2.0-1.2.1/.content/bin/../lib/gcc/riscv-none-embed/10.2.0/../../../../riscv-none-embed/lib/rv32i/ilp32/libg.a(lib_a-reallocr.o)
                0x0000000000008400                _realloc_r
 .text          0x0000000000008978        0x0 /home/lfvmu/.local/xPacks/@xpack-dev-tools/riscv-none-embed-gcc/10.2.0-1.2.1/.content/bin/../lib/gcc/riscv-none-embed/10.2.0/../../../../riscv-none-embed/lib/rv32i/ilp32/libg.a(lib_a-strlen.o)
 .text.strlen   0x0000000000008978       0x8c /home/lfvmu/.local/xPacks/@xpack-dev-tools/riscv-none-embed-gcc/10.2.0-1.2.1/.content/bin/../lib/gcc/riscv-none-embed/10.2.0/../../../../riscv-none-embed/lib/rv32i/ilp32/libg.a(lib_a-strlen.o)
                0x0000000000008978                strlen
 .text          0x0000000000008a04        0x0 /home/lfvmu/.local/xPacks/@xpack-dev-tools/riscv-none-embed-gcc/10.2.0-1.2.1/.content/bin/../lib/gcc/riscv-none-embed/10.2.0/../../../../riscv-none-embed/lib/rv32i/ilp32/libg.a(lib_a-vfiprintf.o)
 .text.__sprint_r.part.0
                0x0000000000008a04       0xf4 /home/lfvmu/.local/xPacks/@xpack-dev-tools/riscv-none-embed-gcc/10.2.0-1.2.1/.content/bin/../lib/gcc/riscv-none-embed/10.2.0/../../../../riscv-none-embed/lib/rv32i/ilp32/libg.a(lib_a-vfiprintf.o)
 .text.__sprint_r
                0x0000000000008af8       0x18 /home/lfvmu/.local/xPacks/@xpack-dev-tools/riscv-none-embed-gcc/10.2.0-1.2.1/.content/bin/../lib/gcc/riscv-none-embed/10.2.0/../../../../riscv-none-embed/lib/rv32i/ilp32/libg.a(lib_a-vfiprintf.o)
                0x0000000000008af8                __sprint_r
 .text._vfiprintf_r
                0x0000000000008b10     0x129c /home/lfvmu/.local/xPacks/@xpack-dev-tools/riscv-none-embed-gcc/10.2.0-1.2.1/.content/bin/../lib/gcc/riscv-none-embed/10.2.0/../../../../riscv-none-embed/lib/rv32i/ilp32/libg.a(lib_a-vfiprintf.o)
                0x0000000000008b10                _vfiprintf_r
 .text.vfiprintf
                0x0000000000009dac       0x18 /home/lfvmu/.local/xPacks/@xpack-dev-tools/riscv-none-embed-gcc/10.2.0-1.2.1/.content/bin/../lib/gcc/riscv-none-embed/10.2.0/../../../../riscv-none-embed/lib/rv32i/ilp32/libg.a(lib_a-vfiprintf.o)
                0x0000000000009dac                vfiprintf
 .text.__sbprintf
                0x0000000000009dc4       0xc0 /home/lfvmu/.local/xPacks/@xpack-dev-tools/riscv-none-embed-gcc/10.2.0-1.2.1/.content/bin/../lib/gcc/riscv-none-embed/10.2.0/../../../../riscv-none-embed/lib/rv32i/ilp32/libg.a(lib_a-vfiprintf.o)
 .text          0x0000000000009e84        0x0 /home/lfvmu/.local/xPacks/@xpack-dev-tools/riscv-none-embed-gcc/10.2.0-1.2.1/.content/bin/../lib/gcc/riscv-none-embed/10.2.0/../../../../riscv-none-embed/lib/rv32i/ilp32/libg.a(lib_a-wsetup.o)
 .text.__swsetup_r
                0x0000000000009e84      0x16c /home/lfvmu/.local/xPacks/@xpack-dev-tools/riscv-none-embed-gcc/10.2.0-1.2.1/.content/bin/../lib/gcc/riscv-none-embed/10.2.0/../../../../riscv-none-embed/lib/rv32i/ilp32/libg.a(lib_a-wsetup.o)
                0x0000000000009e84                __swsetup_r
 .text          0x0000000000009ff0        0x0 /home/lfvmu/.local/xPacks/@xpack-dev-tools/riscv-none-embed-gcc/10.2.0-1.2.1/.content/bin/../lib/gcc/riscv-none-embed/10.2.0/../../../../riscv-none-embed/lib/rv32i/ilp32/libg.a(lib_a-abort.o)
 .text.abort    0x0000000000009ff0       0x18 /home/lfvmu/.local/xPacks/@xpack-dev-tools/riscv-none-embed-gcc/10.2.0-1.2.1/.content/bin/../lib/gcc/riscv-none-embed/10.2.0/../../../../riscv-none-embed/lib/rv32i/ilp32/libg.a(lib_a-abort.o)
                0x0000000000009ff0                abort
 .text          0x000000000000a008        0x0 /home/lfvmu/.local/xPacks/@xpack-dev-tools/riscv-none-embed-gcc/10.2.0-1.2.1/.content/bin/../lib/gcc/riscv-none-embed/10.2.0/../../../../riscv-none-embed/lib/rv32i/ilp32/libg.a(lib_a-__call_atexit.o)
 .text.startup.register_fini
                0x000000000000a008       0x18 /home/lfvmu/.local/xPacks/@xpack-dev-tools/riscv-none-embed-gcc/10.2.0-1.2.1/.content/bin/../lib/gcc/riscv-none-embed/10.2.0/../../../../riscv-none-embed/lib/rv32i/ilp32/libg.a(lib_a-__call_atexit.o)
 .text.__call_exitprocs
                0x000000000000a020      0x120 /home/lfvmu/.local/xPacks/@xpack-dev-tools/riscv-none-embed-gcc/10.2.0-1.2.1/.content/bin/../lib/gcc/riscv-none-embed/10.2.0/../../../../riscv-none-embed/lib/rv32i/ilp32/libg.a(lib_a-__call_atexit.o)
                0x000000000000a020                __call_exitprocs
 .text          0x000000000000a140        0x0 /home/lfvmu/.local/xPacks/@xpack-dev-tools/riscv-none-embed-gcc/10.2.0-1.2.1/.content/bin/../lib/gcc/riscv-none-embed/10.2.0/../../../../riscv-none-embed/lib/rv32i/ilp32/libg.a(lib_a-fflush.o)
 .text.__sflush_r
                0x000000000000a140      0x264 /home/lfvmu/.local/xPacks/@xpack-dev-tools/riscv-none-embed-gcc/10.2.0-1.2.1/.content/bin/../lib/gcc/riscv-none-embed/10.2.0/../../../../riscv-none-embed/lib/rv32i/ilp32/libg.a(lib_a-fflush.o)
                0x000000000000a140                __sflush_r
 .text._fflush_r
                0x000000000000a3a4       0x60 /home/lfvmu/.local/xPacks/@xpack-dev-tools/riscv-none-embed-gcc/10.2.0-1.2.1/.content/bin/../lib/gcc/riscv-none-embed/10.2.0/../../../../riscv-none-embed/lib/rv32i/ilp32/libg.a(lib_a-fflush.o)
                0x000000000000a3a4                _fflush_r
 .text.fflush   0x000000000000a404       0x80 /home/lfvmu/.local/xPacks/@xpack-dev-tools/riscv-none-embed-gcc/10.2.0-1.2.1/.content/bin/../lib/gcc/riscv-none-embed/10.2.0/../../../../riscv-none-embed/lib/rv32i/ilp32/libg.a(lib_a-fflush.o)
                0x000000000000a404                fflush
 .text          0x000000000000a484        0x0 /home/lfvmu/.local/xPacks/@xpack-dev-tools/riscv-none-embed-gcc/10.2.0-1.2.1/.content/bin/../lib/gcc/riscv-none-embed/10.2.0/../../../../riscv-none-embed/lib/rv32i/ilp32/libg.a(lib_a-findfp.o)
 .text.__fp_lock
                0x000000000000a484        0x8 /home/lfvmu/.local/xPacks/@xpack-dev-tools/riscv-none-embed-gcc/10.2.0-1.2.1/.content/bin/../lib/gcc/riscv-none-embed/10.2.0/../../../../riscv-none-embed/lib/rv32i/ilp32/libg.a(lib_a-findfp.o)
 .text._cleanup_r
                0x000000000000a48c        0xc /home/lfvmu/.local/xPacks/@xpack-dev-tools/riscv-none-embed-gcc/10.2.0-1.2.1/.content/bin/../lib/gcc/riscv-none-embed/10.2.0/../../../../riscv-none-embed/lib/rv32i/ilp32/libg.a(lib_a-findfp.o)
                0x000000000000a48c                _cleanup_r
 .text.__fp_unlock
                0x000000000000a498        0x8 /home/lfvmu/.local/xPacks/@xpack-dev-tools/riscv-none-embed-gcc/10.2.0-1.2.1/.content/bin/../lib/gcc/riscv-none-embed/10.2.0/../../../../riscv-none-embed/lib/rv32i/ilp32/libg.a(lib_a-findfp.o)
 .text.__sinit.part.0
                0x000000000000a4a0      0x184 /home/lfvmu/.local/xPacks/@xpack-dev-tools/riscv-none-embed-gcc/10.2.0-1.2.1/.content/bin/../lib/gcc/riscv-none-embed/10.2.0/../../../../riscv-none-embed/lib/rv32i/ilp32/libg.a(lib_a-findfp.o)
 .text.__sfmoreglue
                0x000000000000a624       0x78 /home/lfvmu/.local/xPacks/@xpack-dev-tools/riscv-none-embed-gcc/10.2.0-1.2.1/.content/bin/../lib/gcc/riscv-none-embed/10.2.0/../../../../riscv-none-embed/lib/rv32i/ilp32/libg.a(lib_a-findfp.o)
                0x000000000000a624                __sfmoreglue
 .text.__sfp    0x000000000000a69c      0x134 /home/lfvmu/.local/xPacks/@xpack-dev-tools/riscv-none-embed-gcc/10.2.0-1.2.1/.content/bin/../lib/gcc/riscv-none-embed/10.2.0/../../../../riscv-none-embed/lib/rv32i/ilp32/libg.a(lib_a-findfp.o)
                0x000000000000a69c                __sfp
 .text._cleanup
                0x000000000000a7d0       0x10 /home/lfvmu/.local/xPacks/@xpack-dev-tools/riscv-none-embed-gcc/10.2.0-1.2.1/.content/bin/../lib/gcc/riscv-none-embed/10.2.0/../../../../riscv-none-embed/lib/rv32i/ilp32/libg.a(lib_a-findfp.o)
                0x000000000000a7d0                _cleanup
 .text.__sinit  0x000000000000a7e0       0x10 /home/lfvmu/.local/xPacks/@xpack-dev-tools/riscv-none-embed-gcc/10.2.0-1.2.1/.content/bin/../lib/gcc/riscv-none-embed/10.2.0/../../../../riscv-none-embed/lib/rv32i/ilp32/libg.a(lib_a-findfp.o)
                0x000000000000a7e0                __sinit
 .text.__sfp_lock_acquire
                0x000000000000a7f0        0x4 /home/lfvmu/.local/xPacks/@xpack-dev-tools/riscv-none-embed-gcc/10.2.0-1.2.1/.content/bin/../lib/gcc/riscv-none-embed/10.2.0/../../../../riscv-none-embed/lib/rv32i/ilp32/libg.a(lib_a-findfp.o)
                0x000000000000a7f0                __sfp_lock_acquire
 .text.__sfp_lock_release
                0x000000000000a7f4        0x4 /home/lfvmu/.local/xPacks/@xpack-dev-tools/riscv-none-embed-gcc/10.2.0-1.2.1/.content/bin/../lib/gcc/riscv-none-embed/10.2.0/../../../../riscv-none-embed/lib/rv32i/ilp32/libg.a(lib_a-findfp.o)
                0x000000000000a7f4                __sfp_lock_release
 .text.__sinit_lock_acquire
                0x000000000000a7f8        0x4 /home/lfvmu/.local/xPacks/@xpack-dev-tools/riscv-none-embed-gcc/10.2.0-1.2.1/.content/bin/../lib/gcc/riscv-none-embed/10.2.0/../../../../riscv-none-embed/lib/rv32i/ilp32/libg.a(lib_a-findfp.o)
                0x000000000000a7f8                __sinit_lock_acquire
 .text.__sinit_lock_release
                0x000000000000a7fc        0x4 /home/lfvmu/.local/xPacks/@xpack-dev-tools/riscv-none-embed-gcc/10.2.0-1.2.1/.content/bin/../lib/gcc/riscv-none-embed/10.2.0/../../../../riscv-none-embed/lib/rv32i/ilp32/libg.a(lib_a-findfp.o)
                0x000000000000a7fc                __sinit_lock_release
 .text.__fp_lock_all
                0x000000000000a800       0x14 /home/lfvmu/.local/xPacks/@xpack-dev-tools/riscv-none-embed-gcc/10.2.0-1.2.1/.content/bin/../lib/gcc/riscv-none-embed/10.2.0/../../../../riscv-none-embed/lib/rv32i/ilp32/libg.a(lib_a-findfp.o)
                0x000000000000a800                __fp_lock_all
 .text.__fp_unlock_all
                0x000000000000a814       0x14 /home/lfvmu/.local/xPacks/@xpack-dev-tools/riscv-none-embed-gcc/10.2.0-1.2.1/.content/bin/../lib/gcc/riscv-none-embed/10.2.0/../../../../riscv-none-embed/lib/rv32i/ilp32/libg.a(lib_a-findfp.o)
                0x000000000000a814                __fp_unlock_all
 .text          0x000000000000a828        0x0 /home/lfvmu/.local/xPacks/@xpack-dev-tools/riscv-none-embed-gcc/10.2.0-1.2.1/.content/bin/../lib/gcc/riscv-none-embed/10.2.0/../../../../riscv-none-embed/lib/rv32i/ilp32/libg.a(lib_a-fini.o)
 .text.__libc_fini_array
                0x000000000000a828       0x54 /home/lfvmu/.local/xPacks/@xpack-dev-tools/riscv-none-embed-gcc/10.2.0-1.2.1/.content/bin/../lib/gcc/riscv-none-embed/10.2.0/../../../../riscv-none-embed/lib/rv32i/ilp32/libg.a(lib_a-fini.o)
                0x000000000000a828                __libc_fini_array
 .text          0x000000000000a87c        0x0 /home/lfvmu/.local/xPacks/@xpack-dev-tools/riscv-none-embed-gcc/10.2.0-1.2.1/.content/bin/../lib/gcc/riscv-none-embed/10.2.0/../../../../riscv-none-embed/lib/rv32i/ilp32/libg.a(lib_a-fputwc.o)
 .text.__fputwc
                0x000000000000a87c      0x12c /home/lfvmu/.local/xPacks/@xpack-dev-tools/riscv-none-embed-gcc/10.2.0-1.2.1/.content/bin/../lib/gcc/riscv-none-embed/10.2.0/../../../../riscv-none-embed/lib/rv32i/ilp32/libg.a(lib_a-fputwc.o)
                0x000000000000a87c                __fputwc
 .text._fputwc_r
                0x000000000000a9a8       0x2c /home/lfvmu/.local/xPacks/@xpack-dev-tools/riscv-none-embed-gcc/10.2.0-1.2.1/.content/bin/../lib/gcc/riscv-none-embed/10.2.0/../../../../riscv-none-embed/lib/rv32i/ilp32/libg.a(lib_a-fputwc.o)
                0x000000000000a9a8                _fputwc_r
 .text.fputwc   0x000000000000a9d4       0x80 /home/lfvmu/.local/xPacks/@xpack-dev-tools/riscv-none-embed-gcc/10.2.0-1.2.1/.content/bin/../lib/gcc/riscv-none-embed/10.2.0/../../../../riscv-none-embed/lib/rv32i/ilp32/libg.a(lib_a-fputwc.o)
                0x000000000000a9d4                fputwc
 .text          0x000000000000aa54        0x0 /home/lfvmu/.local/xPacks/@xpack-dev-tools/riscv-none-embed-gcc/10.2.0-1.2.1/.content/bin/../lib/gcc/riscv-none-embed/10.2.0/../../../../riscv-none-embed/lib/rv32i/ilp32/libg.a(lib_a-freer.o)
 .text._malloc_trim_r
                0x000000000000aa54      0x140 /home/lfvmu/.local/xPacks/@xpack-dev-tools/riscv-none-embed-gcc/10.2.0-1.2.1/.content/bin/../lib/gcc/riscv-none-embed/10.2.0/../../../../riscv-none-embed/lib/rv32i/ilp32/libg.a(lib_a-freer.o)
                0x000000000000aa54                _malloc_trim_r
 .text._free_r  0x000000000000ab94      0x314 /home/lfvmu/.local/xPacks/@xpack-dev-tools/riscv-none-embed-gcc/10.2.0-1.2.1/.content/bin/../lib/gcc/riscv-none-embed/10.2.0/../../../../riscv-none-embed/lib/rv32i/ilp32/libg.a(lib_a-freer.o)
                0x000000000000ab94                _free_r
 .text          0x000000000000aea8        0x0 /home/lfvmu/.local/xPacks/@xpack-dev-tools/riscv-none-embed-gcc/10.2.0-1.2.1/.content/bin/../lib/gcc/riscv-none-embed/10.2.0/../../../../riscv-none-embed/lib/rv32i/ilp32/libg.a(lib_a-fvwrite.o)
 .text.__sfvwrite_r
                0x000000000000aea8      0x4a4 /home/lfvmu/.local/xPacks/@xpack-dev-tools/riscv-none-embed-gcc/10.2.0-1.2.1/.content/bin/../lib/gcc/riscv-none-embed/10.2.0/../../../../riscv-none-embed/lib/rv32i/ilp32/libg.a(lib_a-fvwrite.o)
                0x000000000000aea8                __sfvwrite_r
 .text          0x000000000000b34c        0x0 /home/lfvmu/.local/xPacks/@xpack-dev-tools/riscv-none-embed-gcc/10.2.0-1.2.1/.content/bin/../lib/gcc/riscv-none-embed/10.2.0/../../../../riscv-none-embed/lib/rv32i/ilp32/libg.a(lib_a-fwalk.o)
 .text._fwalk   0x000000000000b34c       0xa4 /home/lfvmu/.local/xPacks/@xpack-dev-tools/riscv-none-embed-gcc/10.2.0-1.2.1/.content/bin/../lib/gcc/riscv-none-embed/10.2.0/../../../../riscv-none-embed/lib/rv32i/ilp32/libg.a(lib_a-fwalk.o)
                0x000000000000b34c                _fwalk
 .text._fwalk_reent
                0x000000000000b3f0       0xb4 /home/lfvmu/.local/xPacks/@xpack-dev-tools/riscv-none-embed-gcc/10.2.0-1.2.1/.content/bin/../lib/gcc/riscv-none-embed/10.2.0/../../../../riscv-none-embed/lib/rv32i/ilp32/libg.a(lib_a-fwalk.o)
                0x000000000000b3f0                _fwalk_reent
 .text          0x000000000000b4a4        0x0 /home/lfvmu/.local/xPacks/@xpack-dev-tools/riscv-none-embed-gcc/10.2.0-1.2.1/.content/bin/../lib/gcc/riscv-none-embed/10.2.0/../../../../riscv-none-embed/lib/rv32i/ilp32/libg.a(lib_a-localeconv.o)
 .text.__localeconv_l
                0x000000000000b4a4        0x8 /home/lfvmu/.local/xPacks/@xpack-dev-tools/riscv-none-embed-gcc/10.2.0-1.2.1/.content/bin/../lib/gcc/riscv-none-embed/10.2.0/../../../../riscv-none-embed/lib/rv32i/ilp32/libg.a(lib_a-localeconv.o)
                0x000000000000b4a4                __localeconv_l
 .text._localeconv_r
                0x000000000000b4ac        0xc /home/lfvmu/.local/xPacks/@xpack-dev-tools/riscv-none-embed-gcc/10.2.0-1.2.1/.content/bin/../lib/gcc/riscv-none-embed/10.2.0/../../../../riscv-none-embed/lib/rv32i/ilp32/libg.a(lib_a-localeconv.o)
                0x000000000000b4ac                _localeconv_r
 .text.localeconv
                0x000000000000b4b8        0xc /home/lfvmu/.local/xPacks/@xpack-dev-tools/riscv-none-embed-gcc/10.2.0-1.2.1/.content/bin/../lib/gcc/riscv-none-embed/10.2.0/../../../../riscv-none-embed/lib/rv32i/ilp32/libg.a(lib_a-localeconv.o)
                0x000000000000b4b8                localeconv
 .text          0x000000000000b4c4        0x0 /home/lfvmu/.local/xPacks/@xpack-dev-tools/riscv-none-embed-gcc/10.2.0-1.2.1/.content/bin/../lib/gcc/riscv-none-embed/10.2.0/../../../../riscv-none-embed/lib/rv32i/ilp32/libg.a(lib_a-locale.o)
 .text._setlocale_r
                0x000000000000b4c4       0x7c /home/lfvmu/.local/xPacks/@xpack-dev-tools/riscv-none-embed-gcc/10.2.0-1.2.1/.content/bin/../lib/gcc/riscv-none-embed/10.2.0/../../../../riscv-none-embed/lib/rv32i/ilp32/libg.a(lib_a-locale.o)
                0x000000000000b4c4                _setlocale_r
 .text.__locale_mb_cur_max
                0x000000000000b540        0xc /home/lfvmu/.local/xPacks/@xpack-dev-tools/riscv-none-embed-gcc/10.2.0-1.2.1/.content/bin/../lib/gcc/riscv-none-embed/10.2.0/../../../../riscv-none-embed/lib/rv32i/ilp32/libg.a(lib_a-locale.o)
                0x000000000000b540                __locale_mb_cur_max
 .text.setlocale
                0x000000000000b54c       0x7c /home/lfvmu/.local/xPacks/@xpack-dev-tools/riscv-none-embed-gcc/10.2.0-1.2.1/.content/bin/../lib/gcc/riscv-none-embed/10.2.0/../../../../riscv-none-embed/lib/rv32i/ilp32/libg.a(lib_a-locale.o)
                0x000000000000b54c                setlocale
 .text          0x000000000000b5c8        0x0 /home/lfvmu/.local/xPacks/@xpack-dev-tools/riscv-none-embed-gcc/10.2.0-1.2.1/.content/bin/../lib/gcc/riscv-none-embed/10.2.0/../../../../riscv-none-embed/lib/rv32i/ilp32/libg.a(lib_a-makebuf.o)
 .text.__smakebuf_r
                0x000000000000b5c8      0x190 /home/lfvmu/.local/xPacks/@xpack-dev-tools/riscv-none-embed-gcc/10.2.0-1.2.1/.content/bin/../lib/gcc/riscv-none-embed/10.2.0/../../../../riscv-none-embed/lib/rv32i/ilp32/libg.a(lib_a-makebuf.o)
                0x000000000000b5c8                __smakebuf_r
 .text.__swhatbuf_r
                0x000000000000b758       0xd0 /home/lfvmu/.local/xPacks/@xpack-dev-tools/riscv-none-embed-gcc/10.2.0-1.2.1/.content/bin/../lib/gcc/riscv-none-embed/10.2.0/../../../../riscv-none-embed/lib/rv32i/ilp32/libg.a(lib_a-makebuf.o)
                0x000000000000b758                __swhatbuf_r
 .text          0x000000000000b828        0x0 /home/lfvmu/.local/xPacks/@xpack-dev-tools/riscv-none-embed-gcc/10.2.0-1.2.1/.content/bin/../lib/gcc/riscv-none-embed/10.2.0/../../../../riscv-none-embed/lib/rv32i/ilp32/libg.a(lib_a-mallocr.o)
 .text._malloc_r
                0x000000000000b828      0x7cc /home/lfvmu/.local/xPacks/@xpack-dev-tools/riscv-none-embed-gcc/10.2.0-1.2.1/.content/bin/../lib/gcc/riscv-none-embed/10.2.0/../../../../riscv-none-embed/lib/rv32i/ilp32/libg.a(lib_a-mallocr.o)
                0x000000000000b828                _malloc_r
 .text          0x000000000000bff4        0x0 /home/lfvmu/.local/xPacks/@xpack-dev-tools/riscv-none-embed-gcc/10.2.0-1.2.1/.content/bin/../lib/gcc/riscv-none-embed/10.2.0/../../../../riscv-none-embed/lib/rv32i/ilp32/libg.a(lib_a-mbtowc_r.o)
 .text._mbtowc_r
                0x000000000000bff4        0xc /home/lfvmu/.local/xPacks/@xpack-dev-tools/riscv-none-embed-gcc/10.2.0-1.2.1/.content/bin/../lib/gcc/riscv-none-embed/10.2.0/../../../../riscv-none-embed/lib/rv32i/ilp32/libg.a(lib_a-mbtowc_r.o)
                0x000000000000bff4                _mbtowc_r
 .text.__ascii_mbtowc
                0x000000000000c000       0x68 /home/lfvmu/.local/xPacks/@xpack-dev-tools/riscv-none-embed-gcc/10.2.0-1.2.1/.content/bin/../lib/gcc/riscv-none-embed/10.2.0/../../../../riscv-none-embed/lib/rv32i/ilp32/libg.a(lib_a-mbtowc_r.o)
                0x000000000000c000                __ascii_mbtowc
 .text          0x000000000000c068        0x0 /home/lfvmu/.local/xPacks/@xpack-dev-tools/riscv-none-embed-gcc/10.2.0-1.2.1/.content/bin/../lib/gcc/riscv-none-embed/10.2.0/../../../../riscv-none-embed/lib/rv32i/ilp32/libg.a(lib_a-memchr.o)
 .text.memchr   0x000000000000c068       0xc8 /home/lfvmu/.local/xPacks/@xpack-dev-tools/riscv-none-embed-gcc/10.2.0-1.2.1/.content/bin/../lib/gcc/riscv-none-embed/10.2.0/../../../../riscv-none-embed/lib/rv32i/ilp32/libg.a(lib_a-memchr.o)
                0x000000000000c068                memchr
 .text          0x000000000000c130        0x0 /home/lfvmu/.local/xPacks/@xpack-dev-tools/riscv-none-embed-gcc/10.2.0-1.2.1/.content/bin/../lib/gcc/riscv-none-embed/10.2.0/../../../../riscv-none-embed/lib/rv32i/ilp32/libg.a(lib_a-memmove-stub.o)
 .text.memmove  0x000000000000c130      0x120 /home/lfvmu/.local/xPacks/@xpack-dev-tools/riscv-none-embed-gcc/10.2.0-1.2.1/.content/bin/../lib/gcc/riscv-none-embed/10.2.0/../../../../riscv-none-embed/lib/rv32i/ilp32/libg.a(lib_a-memmove-stub.o)
                0x000000000000c130                memmove
 .text          0x000000000000c250       0xdc /home/lfvmu/.local/xPacks/@xpack-dev-tools/riscv-none-embed-gcc/10.2.0-1.2.1/.content/bin/../lib/gcc/riscv-none-embed/10.2.0/../../../../riscv-none-embed/lib/rv32i/ilp32/libg.a(lib_a-memset.o)
                0x000000000000c250                memset
 .text          0x000000000000c32c        0x0 /home/lfvmu/.local/xPacks/@xpack-dev-tools/riscv-none-embed-gcc/10.2.0-1.2.1/.content/bin/../lib/gcc/riscv-none-embed/10.2.0/../../../../riscv-none-embed/lib/rv32i/ilp32/libg.a(lib_a-mlock.o)
 .text.__malloc_lock
                0x000000000000c32c        0x4 /home/lfvmu/.local/xPacks/@xpack-dev-tools/riscv-none-embed-gcc/10.2.0-1.2.1/.content/bin/../lib/gcc/riscv-none-embed/10.2.0/../../../../riscv-none-embed/lib/rv32i/ilp32/libg.a(lib_a-mlock.o)
                0x000000000000c32c                __malloc_lock
 .text.__malloc_unlock
                0x000000000000c330        0x4 /home/lfvmu/.local/xPacks/@xpack-dev-tools/riscv-none-embed-gcc/10.2.0-1.2.1/.content/bin/../lib/gcc/riscv-none-embed/10.2.0/../../../../riscv-none-embed/lib/rv32i/ilp32/libg.a(lib_a-mlock.o)
                0x000000000000c330                __malloc_unlock
 .text          0x000000000000c334        0x0 /home/lfvmu/.local/xPacks/@xpack-dev-tools/riscv-none-embed-gcc/10.2.0-1.2.1/.content/bin/../lib/gcc/riscv-none-embed/10.2.0/../../../../riscv-none-embed/lib/rv32i/ilp32/libg.a(lib_a-sbrkr.o)
 .text._sbrk_r  0x000000000000c334       0x58 /home/lfvmu/.local/xPacks/@xpack-dev-tools/riscv-none-embed-gcc/10.2.0-1.2.1/.content/bin/../lib/gcc/riscv-none-embed/10.2.0/../../../../riscv-none-embed/lib/rv32i/ilp32/libg.a(lib_a-sbrkr.o)
                0x000000000000c334                _sbrk_r
 .text          0x000000000000c38c        0x0 /home/lfvmu/.local/xPacks/@xpack-dev-tools/riscv-none-embed-gcc/10.2.0-1.2.1/.content/bin/../lib/gcc/riscv-none-embed/10.2.0/../../../../riscv-none-embed/lib/rv32i/ilp32/libg.a(lib_a-signal.o)
 .text._init_signal_r
                0x000000000000c38c       0x5c /home/lfvmu/.local/xPacks/@xpack-dev-tools/riscv-none-embed-gcc/10.2.0-1.2.1/.content/bin/../lib/gcc/riscv-none-embed/10.2.0/../../../../riscv-none-embed/lib/rv32i/ilp32/libg.a(lib_a-signal.o)
                0x000000000000c38c                _init_signal_r
 .text._signal_r
                0x000000000000c3e8       0xa8 /home/lfvmu/.local/xPacks/@xpack-dev-tools/riscv-none-embed-gcc/10.2.0-1.2.1/.content/bin/../lib/gcc/riscv-none-embed/10.2.0/../../../../riscv-none-embed/lib/rv32i/ilp32/libg.a(lib_a-signal.o)
                0x000000000000c3e8                _signal_r
 .text._raise_r
                0x000000000000c490       0xdc /home/lfvmu/.local/xPacks/@xpack-dev-tools/riscv-none-embed-gcc/10.2.0-1.2.1/.content/bin/../lib/gcc/riscv-none-embed/10.2.0/../../../../riscv-none-embed/lib/rv32i/ilp32/libg.a(lib_a-signal.o)
                0x000000000000c490                _raise_r
 .text.__sigtramp_r
                0x000000000000c56c       0xe0 /home/lfvmu/.local/xPacks/@xpack-dev-tools/riscv-none-embed-gcc/10.2.0-1.2.1/.content/bin/../lib/gcc/riscv-none-embed/10.2.0/../../../../riscv-none-embed/lib/rv32i/ilp32/libg.a(lib_a-signal.o)
                0x000000000000c56c                __sigtramp_r
 .text.raise    0x000000000000c64c       0xdc /home/lfvmu/.local/xPacks/@xpack-dev-tools/riscv-none-embed-gcc/10.2.0-1.2.1/.content/bin/../lib/gcc/riscv-none-embed/10.2.0/../../../../riscv-none-embed/lib/rv32i/ilp32/libg.a(lib_a-signal.o)
                0x000000000000c64c                raise
 .text.signal   0x000000000000c728       0xb4 /home/lfvmu/.local/xPacks/@xpack-dev-tools/riscv-none-embed-gcc/10.2.0-1.2.1/.content/bin/../lib/gcc/riscv-none-embed/10.2.0/../../../../riscv-none-embed/lib/rv32i/ilp32/libg.a(lib_a-signal.o)
                0x000000000000c728                signal
 .text._init_signal
                0x000000000000c7dc       0x60 /home/lfvmu/.local/xPacks/@xpack-dev-tools/riscv-none-embed-gcc/10.2.0-1.2.1/.content/bin/../lib/gcc/riscv-none-embed/10.2.0/../../../../riscv-none-embed/lib/rv32i/ilp32/libg.a(lib_a-signal.o)
                0x000000000000c7dc                _init_signal
 .text.__sigtramp
                0x000000000000c83c       0xe0 /home/lfvmu/.local/xPacks/@xpack-dev-tools/riscv-none-embed-gcc/10.2.0-1.2.1/.content/bin/../lib/gcc/riscv-none-embed/10.2.0/../../../../riscv-none-embed/lib/rv32i/ilp32/libg.a(lib_a-signal.o)
                0x000000000000c83c                __sigtramp
 .text          0x000000000000c91c        0x0 /home/lfvmu/.local/xPacks/@xpack-dev-tools/riscv-none-embed-gcc/10.2.0-1.2.1/.content/bin/../lib/gcc/riscv-none-embed/10.2.0/../../../../riscv-none-embed/lib/rv32i/ilp32/libg.a(lib_a-signalr.o)
 .text._kill_r  0x000000000000c91c       0x60 /home/lfvmu/.local/xPacks/@xpack-dev-tools/riscv-none-embed-gcc/10.2.0-1.2.1/.content/bin/../lib/gcc/riscv-none-embed/10.2.0/../../../../riscv-none-embed/lib/rv32i/ilp32/libg.a(lib_a-signalr.o)
                0x000000000000c91c                _kill_r
 .text._getpid_r
                0x000000000000c97c        0x4 /home/lfvmu/.local/xPacks/@xpack-dev-tools/riscv-none-embed-gcc/10.2.0-1.2.1/.content/bin/../lib/gcc/riscv-none-embed/10.2.0/../../../../riscv-none-embed/lib/rv32i/ilp32/libg.a(lib_a-signalr.o)
                0x000000000000c97c                _getpid_r
 .text          0x000000000000c980        0x0 /home/lfvmu/.local/xPacks/@xpack-dev-tools/riscv-none-embed-gcc/10.2.0-1.2.1/.content/bin/../lib/gcc/riscv-none-embed/10.2.0/../../../../riscv-none-embed/lib/rv32i/ilp32/libg.a(lib_a-stdio.o)
 .text.__sread  0x000000000000c980       0x5c /home/lfvmu/.local/xPacks/@xpack-dev-tools/riscv-none-embed-gcc/10.2.0-1.2.1/.content/bin/../lib/gcc/riscv-none-embed/10.2.0/../../../../riscv-none-embed/lib/rv32i/ilp32/libg.a(lib_a-stdio.o)
                0x000000000000c980                __sread
 .text.__seofread
                0x000000000000c9dc        0x8 /home/lfvmu/.local/xPacks/@xpack-dev-tools/riscv-none-embed-gcc/10.2.0-1.2.1/.content/bin/../lib/gcc/riscv-none-embed/10.2.0/../../../../riscv-none-embed/lib/rv32i/ilp32/libg.a(lib_a-stdio.o)
                0x000000000000c9dc                __seofread
 .text.__swrite
                0x000000000000c9e4       0x88 /home/lfvmu/.local/xPacks/@xpack-dev-tools/riscv-none-embed-gcc/10.2.0-1.2.1/.content/bin/../lib/gcc/riscv-none-embed/10.2.0/../../../../riscv-none-embed/lib/rv32i/ilp32/libg.a(lib_a-stdio.o)
                0x000000000000c9e4                __swrite
 .text.__sseek  0x000000000000ca6c       0x68 /home/lfvmu/.local/xPacks/@xpack-dev-tools/riscv-none-embed-gcc/10.2.0-1.2.1/.content/bin/../lib/gcc/riscv-none-embed/10.2.0/../../../../riscv-none-embed/lib/rv32i/ilp32/libg.a(lib_a-stdio.o)
                0x000000000000ca6c                __sseek
 .text.__sclose
                0x000000000000cad4        0x8 /home/lfvmu/.local/xPacks/@xpack-dev-tools/riscv-none-embed-gcc/10.2.0-1.2.1/.content/bin/../lib/gcc/riscv-none-embed/10.2.0/../../../../riscv-none-embed/lib/rv32i/ilp32/libg.a(lib_a-stdio.o)
                0x000000000000cad4                __sclose
 .text          0x000000000000cadc      0x17c /home/lfvmu/.local/xPacks/@xpack-dev-tools/riscv-none-embed-gcc/10.2.0-1.2.1/.content/bin/../lib/gcc/riscv-none-embed/10.2.0/../../../../riscv-none-embed/lib/rv32i/ilp32/libg.a(lib_a-strcmp.o)
                0x000000000000cadc                strcmp
 .text          0x000000000000cc58        0x0 /home/lfvmu/.local/xPacks/@xpack-dev-tools/riscv-none-embed-gcc/10.2.0-1.2.1/.content/bin/../lib/gcc/riscv-none-embed/10.2.0/../../../../riscv-none-embed/lib/rv32i/ilp32/libg.a(lib_a-strncpy.o)
 .text.strncpy  0x000000000000cc58       0xa8 /home/lfvmu/.local/xPacks/@xpack-dev-tools/riscv-none-embed-gcc/10.2.0-1.2.1/.content/bin/../lib/gcc/riscv-none-embed/10.2.0/../../../../riscv-none-embed/lib/rv32i/ilp32/libg.a(lib_a-strncpy.o)
                0x000000000000cc58                strncpy
 .text          0x000000000000cd00        0x0 /home/lfvmu/.local/xPacks/@xpack-dev-tools/riscv-none-embed-gcc/10.2.0-1.2.1/.content/bin/../lib/gcc/riscv-none-embed/10.2.0/../../../../riscv-none-embed/lib/rv32i/ilp32/libg.a(lib_a-wbuf.o)
 .text.__swbuf_r
                0x000000000000cd00      0x188 /home/lfvmu/.local/xPacks/@xpack-dev-tools/riscv-none-embed-gcc/10.2.0-1.2.1/.content/bin/../lib/gcc/riscv-none-embed/10.2.0/../../../../riscv-none-embed/lib/rv32i/ilp32/libg.a(lib_a-wbuf.o)
                0x000000000000cd00                __swbuf_r
 .text.__swbuf  0x000000000000ce88       0x14 /home/lfvmu/.local/xPacks/@xpack-dev-tools/riscv-none-embed-gcc/10.2.0-1.2.1/.content/bin/../lib/gcc/riscv-none-embed/10.2.0/../../../../riscv-none-embed/lib/rv32i/ilp32/libg.a(lib_a-wbuf.o)
                0x000000000000ce88                __swbuf
 .text          0x000000000000ce9c        0x0 /home/lfvmu/.local/xPacks/@xpack-dev-tools/riscv-none-embed-gcc/10.2.0-1.2.1/.content/bin/../lib/gcc/riscv-none-embed/10.2.0/../../../../riscv-none-embed/lib/rv32i/ilp32/libg.a(lib_a-wcrtomb.o)
 .text._wcrtomb_r
                0x000000000000ce9c       0x78 /home/lfvmu/.local/xPacks/@xpack-dev-tools/riscv-none-embed-gcc/10.2.0-1.2.1/.content/bin/../lib/gcc/riscv-none-embed/10.2.0/../../../../riscv-none-embed/lib/rv32i/ilp32/libg.a(lib_a-wcrtomb.o)
                0x000000000000ce9c                _wcrtomb_r
 .text.wcrtomb  0x000000000000cf14       0x94 /home/lfvmu/.local/xPacks/@xpack-dev-tools/riscv-none-embed-gcc/10.2.0-1.2.1/.content/bin/../lib/gcc/riscv-none-embed/10.2.0/../../../../riscv-none-embed/lib/rv32i/ilp32/libg.a(lib_a-wcrtomb.o)
                0x000000000000cf14                wcrtomb
 .text          0x000000000000cfa8        0x0 /home/lfvmu/.local/xPacks/@xpack-dev-tools/riscv-none-embed-gcc/10.2.0-1.2.1/.content/bin/../lib/gcc/riscv-none-embed/10.2.0/../../../../riscv-none-embed/lib/rv32i/ilp32/libg.a(lib_a-wctomb_r.o)
 .text._wctomb_r
                0x000000000000cfa8        0xc /home/lfvmu/.local/xPacks/@xpack-dev-tools/riscv-none-embed-gcc/10.2.0-1.2.1/.content/bin/../lib/gcc/riscv-none-embed/10.2.0/../../../../riscv-none-embed/lib/rv32i/ilp32/libg.a(lib_a-wctomb_r.o)
                0x000000000000cfa8                _wctomb_r
 .text.__ascii_wctomb
                0x000000000000cfb4       0x30 /home/lfvmu/.local/xPacks/@xpack-dev-tools/riscv-none-embed-gcc/10.2.0-1.2.1/.content/bin/../lib/gcc/riscv-none-embed/10.2.0/../../../../riscv-none-embed/lib/rv32i/ilp32/libg.a(lib_a-wctomb_r.o)
                0x000000000000cfb4                __ascii_wctomb
 .text          0x000000000000cfe4        0x0 /home/lfvmu/.local/xPacks/@xpack-dev-tools/riscv-none-embed-gcc/10.2.0-1.2.1/.content/bin/../lib/gcc/riscv-none-embed/10.2.0/../../../../riscv-none-embed/lib/rv32i/ilp32/libg.a(lib_a-writer.o)
 .text._write_r
                0x000000000000cfe4       0x64 /home/lfvmu/.local/xPacks/@xpack-dev-tools/riscv-none-embed-gcc/10.2.0-1.2.1/.content/bin/../lib/gcc/riscv-none-embed/10.2.0/../../../../riscv-none-embed/lib/rv32i/ilp32/libg.a(lib_a-writer.o)
                0x000000000000cfe4                _write_r
 .text          0x000000000000d048        0x0 /home/lfvmu/.local/xPacks/@xpack-dev-tools/riscv-none-embed-gcc/10.2.0-1.2.1/.content/bin/../lib/gcc/riscv-none-embed/10.2.0/../../../../riscv-none-embed/lib/rv32i/ilp32/libg.a(lib_a-atexit.o)
 .text.atexit   0x000000000000d048       0x14 /home/lfvmu/.local/xPacks/@xpack-dev-tools/riscv-none-embed-gcc/10.2.0-1.2.1/.content/bin/../lib/gcc/riscv-none-embed/10.2.0/../../../../riscv-none-embed/lib/rv32i/ilp32/libg.a(lib_a-atexit.o)
                0x000000000000d048                atexit
 .text          0x000000000000d05c        0x0 /home/lfvmu/.local/xPacks/@xpack-dev-tools/riscv-none-embed-gcc/10.2.0-1.2.1/.content/bin/../lib/gcc/riscv-none-embed/10.2.0/../../../../riscv-none-embed/lib/rv32i/ilp32/libg.a(lib_a-closer.o)
 .text._close_r
                0x000000000000d05c       0x58 /home/lfvmu/.local/xPacks/@xpack-dev-tools/riscv-none-embed-gcc/10.2.0-1.2.1/.content/bin/../lib/gcc/riscv-none-embed/10.2.0/../../../../riscv-none-embed/lib/rv32i/ilp32/libg.a(lib_a-closer.o)
                0x000000000000d05c                _close_r
 .text          0x000000000000d0b4        0x0 /home/lfvmu/.local/xPacks/@xpack-dev-tools/riscv-none-embed-gcc/10.2.0-1.2.1/.content/bin/../lib/gcc/riscv-none-embed/10.2.0/../../../../riscv-none-embed/lib/rv32i/ilp32/libg.a(lib_a-ctype_.o)
 .text          0x000000000000d0b4        0x0 /home/lfvmu/.local/xPacks/@xpack-dev-tools/riscv-none-embed-gcc/10.2.0-1.2.1/.content/bin/../lib/gcc/riscv-none-embed/10.2.0/../../../../riscv-none-embed/lib/rv32i/ilp32/libg.a(lib_a-fclose.o)
 .text._fclose_r.part.0
                0x000000000000d0b4       0xc0 /home/lfvmu/.local/xPacks/@xpack-dev-tools/riscv-none-embed-gcc/10.2.0-1.2.1/.content/bin/../lib/gcc/riscv-none-embed/10.2.0/../../../../riscv-none-embed/lib/rv32i/ilp32/libg.a(lib_a-fclose.o)
 .text._fclose_r
                0x000000000000d174       0x70 /home/lfvmu/.local/xPacks/@xpack-dev-tools/riscv-none-embed-gcc/10.2.0-1.2.1/.content/bin/../lib/gcc/riscv-none-embed/10.2.0/../../../../riscv-none-embed/lib/rv32i/ilp32/libg.a(lib_a-fclose.o)
                0x000000000000d174                _fclose_r
 .text.fclose   0x000000000000d1e4       0x78 /home/lfvmu/.local/xPacks/@xpack-dev-tools/riscv-none-embed-gcc/10.2.0-1.2.1/.content/bin/../lib/gcc/riscv-none-embed/10.2.0/../../../../riscv-none-embed/lib/rv32i/ilp32/libg.a(lib_a-fclose.o)
                0x000000000000d1e4                fclose
 .text          0x000000000000d25c        0x0 /home/lfvmu/.local/xPacks/@xpack-dev-tools/riscv-none-embed-gcc/10.2.0-1.2.1/.content/bin/../lib/gcc/riscv-none-embed/10.2.0/../../../../riscv-none-embed/lib/rv32i/ilp32/libg.a(lib_a-fstatr.o)
 .text._fstat_r
                0x000000000000d25c       0x60 /home/lfvmu/.local/xPacks/@xpack-dev-tools/riscv-none-embed-gcc/10.2.0-1.2.1/.content/bin/../lib/gcc/riscv-none-embed/10.2.0/../../../../riscv-none-embed/lib/rv32i/ilp32/libg.a(lib_a-fstatr.o)
                0x000000000000d25c                _fstat_r
 .text          0x000000000000d2bc        0x0 /home/lfvmu/.local/xPacks/@xpack-dev-tools/riscv-none-embed-gcc/10.2.0-1.2.1/.content/bin/../lib/gcc/riscv-none-embed/10.2.0/../../../../riscv-none-embed/lib/rv32i/ilp32/libg.a(lib_a-isattyr.o)
 .text._isatty_r
                0x000000000000d2bc       0x58 /home/lfvmu/.local/xPacks/@xpack-dev-tools/riscv-none-embed-gcc/10.2.0-1.2.1/.content/bin/../lib/gcc/riscv-none-embed/10.2.0/../../../../riscv-none-embed/lib/rv32i/ilp32/libg.a(lib_a-isattyr.o)
                0x000000000000d2bc                _isatty_r
 .text          0x000000000000d314        0x0 /home/lfvmu/.local/xPacks/@xpack-dev-tools/riscv-none-embed-gcc/10.2.0-1.2.1/.content/bin/../lib/gcc/riscv-none-embed/10.2.0/../../../../riscv-none-embed/lib/rv32i/ilp32/libg.a(lib_a-lseekr.o)
 .text._lseek_r
                0x000000000000d314       0x64 /home/lfvmu/.local/xPacks/@xpack-dev-tools/riscv-none-embed-gcc/10.2.0-1.2.1/.content/bin/../lib/gcc/riscv-none-embed/10.2.0/../../../../riscv-none-embed/lib/rv32i/ilp32/libg.a(lib_a-lseekr.o)
                0x000000000000d314                _lseek_r
 .text          0x000000000000d378        0x0 /home/lfvmu/.local/xPacks/@xpack-dev-tools/riscv-none-embed-gcc/10.2.0-1.2.1/.content/bin/../lib/gcc/riscv-none-embed/10.2.0/../../../../riscv-none-embed/lib/rv32i/ilp32/libg.a(lib_a-readr.o)
 .text._read_r  0x000000000000d378       0x64 /home/lfvmu/.local/xPacks/@xpack-dev-tools/riscv-none-embed-gcc/10.2.0-1.2.1/.content/bin/../lib/gcc/riscv-none-embed/10.2.0/../../../../riscv-none-embed/lib/rv32i/ilp32/libg.a(lib_a-readr.o)
                0x000000000000d378                _read_r
 .text          0x000000000000d3dc        0x0 /home/lfvmu/.local/xPacks/@xpack-dev-tools/riscv-none-embed-gcc/10.2.0-1.2.1/.content/bin/../lib/gcc/riscv-none-embed/10.2.0/../../../../riscv-none-embed/lib/rv32i/ilp32/libg.a(lib_a-reent.o)
 .text.cleanup_glue
                0x000000000000d3dc       0x94 /home/lfvmu/.local/xPacks/@xpack-dev-tools/riscv-none-embed-gcc/10.2.0-1.2.1/.content/bin/../lib/gcc/riscv-none-embed/10.2.0/../../../../riscv-none-embed/lib/rv32i/ilp32/libg.a(lib_a-reent.o)
                0x000000000000d3dc                cleanup_glue
 .text._reclaim_reent
                0x000000000000d470      0x120 /home/lfvmu/.local/xPacks/@xpack-dev-tools/riscv-none-embed-gcc/10.2.0-1.2.1/.content/bin/../lib/gcc/riscv-none-embed/10.2.0/../../../../riscv-none-embed/lib/rv32i/ilp32/libg.a(lib_a-reent.o)
                0x000000000000d470                _reclaim_reent
 .text          0x000000000000d590        0x0 /home/lfvmu/.local/xPacks/@xpack-dev-tools/riscv-none-embed-gcc/10.2.0-1.2.1/.content/bin/../lib/gcc/riscv-none-embed/10.2.0/../../../../riscv-none-embed/lib/rv32i/ilp32/libg.a(lib_a-__atexit.o)
 .text.__register_exitproc
                0x000000000000d590       0x98 /home/lfvmu/.local/xPacks/@xpack-dev-tools/riscv-none-embed-gcc/10.2.0-1.2.1/.content/bin/../lib/gcc/riscv-none-embed/10.2.0/../../../../riscv-none-embed/lib/rv32i/ilp32/libg.a(lib_a-__atexit.o)
                0x000000000000d590                __register_exitproc
 .text          0x000000000000d628        0x0 /home/lfvmu/.local/xPacks/@xpack-dev-tools/riscv-none-embed-gcc/10.2.0-1.2.1/.content/bin/../lib/gcc/riscv-none-embed/10.2.0/rv32i/ilp32/libgcc.a(_udivdi3.o)
 .text.__udivdi3
                0x000000000000d628      0x648 /home/lfvmu/.local/xPacks/@xpack-dev-tools/riscv-none-embed-gcc/10.2.0-1.2.1/.content/bin/../lib/gcc/riscv-none-embed/10.2.0/rv32i/ilp32/libgcc.a(_udivdi3.o)
                0x000000000000d628                __udivdi3
 .text          0x000000000000dc70        0x0 /home/lfvmu/.local/xPacks/@xpack-dev-tools/riscv-none-embed-gcc/10.2.0-1.2.1/.content/bin/../lib/gcc/riscv-none-embed/10.2.0/rv32i/ilp32/libgcc.a(_umoddi3.o)
 .text.__umoddi3
                0x000000000000dc70      0x5dc /home/lfvmu/.local/xPacks/@xpack-dev-tools/riscv-none-embed-gcc/10.2.0-1.2.1/.content/bin/../lib/gcc/riscv-none-embed/10.2.0/rv32i/ilp32/libgcc.a(_umoddi3.o)
                0x000000000000dc70                __umoddi3
 .text          0x000000000000e24c        0x0 /home/lfvmu/.local/xPacks/@xpack-dev-tools/riscv-none-embed-gcc/10.2.0-1.2.1/.content/bin/../lib/gcc/riscv-none-embed/10.2.0/../../../../riscv-none-embed/lib/rv32i/ilp32/libnosys.a(close.o)
 .text._close   0x000000000000e24c       0x14 /home/lfvmu/.local/xPacks/@xpack-dev-tools/riscv-none-embed-gcc/10.2.0-1.2.1/.content/bin/../lib/gcc/riscv-none-embed/10.2.0/../../../../riscv-none-embed/lib/rv32i/ilp32/libnosys.a(close.o)
                0x000000000000e24c                _close
 .text          0x000000000000e260        0x0 /home/lfvmu/.local/xPacks/@xpack-dev-tools/riscv-none-embed-gcc/10.2.0-1.2.1/.content/bin/../lib/gcc/riscv-none-embed/10.2.0/../../../../riscv-none-embed/lib/rv32i/ilp32/libnosys.a(fstat.o)
 .text._fstat   0x000000000000e260       0x14 /home/lfvmu/.local/xPacks/@xpack-dev-tools/riscv-none-embed-gcc/10.2.0-1.2.1/.content/bin/../lib/gcc/riscv-none-embed/10.2.0/../../../../riscv-none-embed/lib/rv32i/ilp32/libnosys.a(fstat.o)
                0x000000000000e260                _fstat
 .text          0x000000000000e274        0x0 /home/lfvmu/.local/xPacks/@xpack-dev-tools/riscv-none-embed-gcc/10.2.0-1.2.1/.content/bin/../lib/gcc/riscv-none-embed/10.2.0/../../../../riscv-none-embed/lib/rv32i/ilp32/libnosys.a(getpid.o)
 .text._getpid  0x000000000000e274       0x14 /home/lfvmu/.local/xPacks/@xpack-dev-tools/riscv-none-embed-gcc/10.2.0-1.2.1/.content/bin/../lib/gcc/riscv-none-embed/10.2.0/../../../../riscv-none-embed/lib/rv32i/ilp32/libnosys.a(getpid.o)
                0x000000000000e274                _getpid
 .text          0x000000000000e288        0x0 /home/lfvmu/.local/xPacks/@xpack-dev-tools/riscv-none-embed-gcc/10.2.0-1.2.1/.content/bin/../lib/gcc/riscv-none-embed/10.2.0/../../../../riscv-none-embed/lib/rv32i/ilp32/libnosys.a(isatty.o)
 .text._isatty  0x000000000000e288       0x14 /home/lfvmu/.local/xPacks/@xpack-dev-tools/riscv-none-embed-gcc/10.2.0-1.2.1/.content/bin/../lib/gcc/riscv-none-embed/10.2.0/../../../../riscv-none-embed/lib/rv32i/ilp32/libnosys.a(isatty.o)
                0x000000000000e288                _isatty
 .text          0x000000000000e29c        0x0 /home/lfvmu/.local/xPacks/@xpack-dev-tools/riscv-none-embed-gcc/10.2.0-1.2.1/.content/bin/../lib/gcc/riscv-none-embed/10.2.0/../../../../riscv-none-embed/lib/rv32i/ilp32/libnosys.a(kill.o)
 .text._kill    0x000000000000e29c       0x14 /home/lfvmu/.local/xPacks/@xpack-dev-tools/riscv-none-embed-gcc/10.2.0-1.2.1/.content/bin/../lib/gcc/riscv-none-embed/10.2.0/../../../../riscv-none-embed/lib/rv32i/ilp32/libnosys.a(kill.o)
                0x000000000000e29c                _kill
 .text          0x000000000000e2b0        0x0 /home/lfvmu/.local/xPacks/@xpack-dev-tools/riscv-none-embed-gcc/10.2.0-1.2.1/.content/bin/../lib/gcc/riscv-none-embed/10.2.0/../../../../riscv-none-embed/lib/rv32i/ilp32/libnosys.a(lseek.o)
 .text._lseek   0x000000000000e2b0       0x14 /home/lfvmu/.local/xPacks/@xpack-dev-tools/riscv-none-embed-gcc/10.2.0-1.2.1/.content/bin/../lib/gcc/riscv-none-embed/10.2.0/../../../../riscv-none-embed/lib/rv32i/ilp32/libnosys.a(lseek.o)
                0x000000000000e2b0                _lseek
 .text          0x000000000000e2c4        0x0 /home/lfvmu/.local/xPacks/@xpack-dev-tools/riscv-none-embed-gcc/10.2.0-1.2.1/.content/bin/../lib/gcc/riscv-none-embed/10.2.0/../../../../riscv-none-embed/lib/rv32i/ilp32/libnosys.a(read.o)
 .text._read    0x000000000000e2c4       0x14 /home/lfvmu/.local/xPacks/@xpack-dev-tools/riscv-none-embed-gcc/10.2.0-1.2.1/.content/bin/../lib/gcc/riscv-none-embed/10.2.0/../../../../riscv-none-embed/lib/rv32i/ilp32/libnosys.a(read.o)
                0x000000000000e2c4                _read
 .text          0x000000000000e2d8        0x0 /home/lfvmu/.local/xPacks/@xpack-dev-tools/riscv-none-embed-gcc/10.2.0-1.2.1/.content/bin/../lib/gcc/riscv-none-embed/10.2.0/../../../../riscv-none-embed/lib/rv32i/ilp32/libnosys.a(sbrk.o)
 .text._sbrk    0x000000000000e2d8       0x38 /home/lfvmu/.local/xPacks/@xpack-dev-tools/riscv-none-embed-gcc/10.2.0-1.2.1/.content/bin/../lib/gcc/riscv-none-embed/10.2.0/../../../../riscv-none-embed/lib/rv32i/ilp32/libnosys.a(sbrk.o)
                0x000000000000e2d8                _sbrk
 .text          0x000000000000e310        0x0 /home/lfvmu/.local/xPacks/@xpack-dev-tools/riscv-none-embed-gcc/10.2.0-1.2.1/.content/bin/../lib/gcc/riscv-none-embed/10.2.0/../../../../riscv-none-embed/lib/rv32i/ilp32/libnosys.a(write.o)
 .text._write   0x000000000000e310       0x14 /home/lfvmu/.local/xPacks/@xpack-dev-tools/riscv-none-embed-gcc/10.2.0-1.2.1/.content/bin/../lib/gcc/riscv-none-embed/10.2.0/../../../../riscv-none-embed/lib/rv32i/ilp32/libnosys.a(write.o)
                0x000000000000e310                _write
 .text          0x000000000000e324        0x0 /home/lfvmu/.local/xPacks/@xpack-dev-tools/riscv-none-embed-gcc/10.2.0-1.2.1/.content/bin/../lib/gcc/riscv-none-embed/10.2.0/../../../../riscv-none-embed/lib/rv32i/ilp32/libnosys.a(_exit.o)
 .text._exit    0x000000000000e324        0x4 /home/lfvmu/.local/xPacks/@xpack-dev-tools/riscv-none-embed-gcc/10.2.0-1.2.1/.content/bin/../lib/gcc/riscv-none-embed/10.2.0/../../../../riscv-none-embed/lib/rv32i/ilp32/libnosys.a(_exit.o)
                0x000000000000e324                _exit
                0x000000000000e328                __global_pointer$ = .
                0x000000000000e328                text_end = .

.eh_frame       0x000000000000e328      0x158
 .eh_frame      0x000000000000e328       0x64 /home/lfvmu/.local/xPacks/@xpack-dev-tools/riscv-none-embed-gcc/10.2.0-1.2.1/.content/bin/../lib/gcc/riscv-none-embed/10.2.0/rv32i/ilp32/libgcc.a(_divdi3.o)
 .eh_frame      0x000000000000e38c       0x54 /home/lfvmu/.local/xPacks/@xpack-dev-tools/riscv-none-embed-gcc/10.2.0-1.2.1/.content/bin/../lib/gcc/riscv-none-embed/10.2.0/rv32i/ilp32/libgcc.a(_moddi3.o)
                                         0x68 (size before relaxing)
 .eh_frame      0x000000000000e3e0       0x4c /home/lfvmu/.local/xPacks/@xpack-dev-tools/riscv-none-embed-gcc/10.2.0-1.2.1/.content/bin/../lib/gcc/riscv-none-embed/10.2.0/rv32i/ilp32/libgcc.a(_udivdi3.o)
                                         0x60 (size before relaxing)
 .eh_frame      0x000000000000e42c       0x54 /home/lfvmu/.local/xPacks/@xpack-dev-tools/riscv-none-embed-gcc/10.2.0-1.2.1/.content/bin/../lib/gcc/riscv-none-embed/10.2.0/rv32i/ilp32/libgcc.a(_umoddi3.o)
                                         0x68 (size before relaxing)

.srodata._global_impure_ptr
                0x000000000000e480        0x4
 .srodata._global_impure_ptr
                0x000000000000e480        0x4 /home/lfvmu/.local/xPacks/@xpack-dev-tools/riscv-none-embed-gcc/10.2.0-1.2.1/.content/bin/../lib/gcc/riscv-none-embed/10.2.0/../../../../riscv-none-embed/lib/rv32i/ilp32/libg.a(lib_a-impure.o)
                0x000000000000e480                _global_impure_ptr

.rela.dyn       0x000000000000e484        0x0
 .rela.text     0x000000000000e484        0x0 /tmp/ccbSxr5E.o
 .rela.text.startup.register_fini
                0x000000000000e484        0x0 /tmp/ccbSxr5E.o
 .rela.text.__libc_fini_array
                0x000000000000e484        0x0 /tmp/ccbSxr5E.o
 .rela.text._sbrk
                0x000000000000e484        0x0 /tmp/ccbSxr5E.o
                0x0000000020000000                . = 0x20000000

.data           0x0000000020000000     0x1884
 *start.o(.data)
 *(.rodata*)
 .rodata        0x0000000020000000      0x940 /tmp/cc98MT9E.o
 .rodata        0x0000000020000940       0xb7 /tmp/ccfrSluE.o
 *fill*         0x00000000200009f7        0x1 
 .rodata        0x00000000200009f8       0x7b /tmp/ccQUJmjE.o
 *fill*         0x0000000020000a73        0x1 
 .rodata.__clz_tab
                0x0000000020000a74      0x100 /home/lfvmu/.local/xPacks/@xpack-dev-tools/riscv-none-embed-gcc/10.2.0-1.2.1/.content/bin/../lib/gcc/riscv-none-embed/10.2.0/rv32i/ilp32/libgcc.a(_clz.o)
                0x0000000020000a74                __clz_tab
 .rodata.__assert_func.str1.4
                0x0000000020000b74       0x3f /home/lfvmu/.local/xPacks/@xpack-dev-tools/riscv-none-embed-gcc/10.2.0-1.2.1/.content/bin/../lib/gcc/riscv-none-embed/10.2.0/../../../../riscv-none-embed/lib/rv32i/ilp32/libg.a(lib_a-assert.o)
                                         0x43 (size before relaxing)
 *fill*         0x0000000020000bb3        0x1 
 .rodata._vfiprintf_r.str1.4
                0x0000000020000bb4       0x2f /home/lfvmu/.local/xPacks/@xpack-dev-tools/riscv-none-embed-gcc/10.2.0-1.2.1/.content/bin/../lib/gcc/riscv-none-embed/10.2.0/../../../../riscv-none-embed/lib/rv32i/ilp32/libg.a(lib_a-vfiprintf.o)
 *fill*         0x0000000020000be3        0x1 
 .rodata._vfiprintf_r
                0x0000000020000be4      0x16c /home/lfvmu/.local/xPacks/@xpack-dev-tools/riscv-none-embed-gcc/10.2.0-1.2.1/.content/bin/../lib/gcc/riscv-none-embed/10.2.0/../../../../riscv-none-embed/lib/rv32i/ilp32/libg.a(lib_a-vfiprintf.o)
 .rodata.blanks.1
                0x0000000020000d50       0x10 /home/lfvmu/.local/xPacks/@xpack-dev-tools/riscv-none-embed-gcc/10.2.0-1.2.1/.content/bin/../lib/gcc/riscv-none-embed/10.2.0/../../../../riscv-none-embed/lib/rv32i/ilp32/libg.a(lib_a-vfiprintf.o)
 .rodata.zeroes.0
                0x0000000020000d60       0x10 /home/lfvmu/.local/xPacks/@xpack-dev-tools/riscv-none-embed-gcc/10.2.0-1.2.1/.content/bin/../lib/gcc/riscv-none-embed/10.2.0/../../../../riscv-none-embed/lib/rv32i/ilp32/libg.a(lib_a-vfiprintf.o)
 .rodata._setlocale_r.str1.4
                0x0000000020000d70        0xa /home/lfvmu/.local/xPacks/@xpack-dev-tools/riscv-none-embed-gcc/10.2.0-1.2.1/.content/bin/../lib/gcc/riscv-none-embed/10.2.0/../../../../riscv-none-embed/lib/rv32i/ilp32/libg.a(lib_a-locale.o)
                                          0xd (size before relaxing)
 *fill*         0x0000000020000d7a        0x2 
 .rodata.str1.4
                0x0000000020000d7c        0x2 /home/lfvmu/.local/xPacks/@xpack-dev-tools/riscv-none-embed-gcc/10.2.0-1.2.1/.content/bin/../lib/gcc/riscv-none-embed/10.2.0/../../../../riscv-none-embed/lib/rv32i/ilp32/libg.a(lib_a-locale.o)
 *fill*         0x0000000020000d7e        0x2 
 .rodata._ctype_
                0x0000000020000d80      0x101 /home/lfvmu/.local/xPacks/@xpack-dev-tools/riscv-none-embed-gcc/10.2.0-1.2.1/.content/bin/../lib/gcc/riscv-none-embed/10.2.0/../../../../riscv-none-embed/lib/rv32i/ilp32/libg.a(lib_a-ctype_.o)
                0x0000000020000d80                _ctype_
 *(.sdata*)
 *fill*         0x0000000020000e81        0x7 
 .sdata         0x0000000020000e88       0x30 /tmp/cc98MT9E.o
                0x0000000020000e88                physical_start_time
                0x0000000020000e90                start_time
                0x0000000020000e98                _lf_last_reported_unadjusted_physical_time_ns
                0x0000000020000ea0                _lf_my_fed_id
                0x0000000020000ea4                print_message_level
                0x0000000020000ea8                duration
                0x0000000020000eb0                _lf_handle
                0x0000000020000eb4                _lf_timer_triggers_size
 .sdata._impure_ptr
                0x0000000020000eb8        0x4 /home/lfvmu/.local/xPacks/@xpack-dev-tools/riscv-none-embed-gcc/10.2.0-1.2.1/.content/bin/../lib/gcc/riscv-none-embed/10.2.0/../../../../riscv-none-embed/lib/rv32i/ilp32/libg.a(lib_a-impure.o)
                0x0000000020000eb8                _impure_ptr
 .sdata.__malloc_sbrk_base
                0x0000000020000ebc        0x4 /home/lfvmu/.local/xPacks/@xpack-dev-tools/riscv-none-embed-gcc/10.2.0-1.2.1/.content/bin/../lib/gcc/riscv-none-embed/10.2.0/../../../../riscv-none-embed/lib/rv32i/ilp32/libg.a(lib_a-mallocr.o)
                0x0000000020000ebc                __malloc_sbrk_base
 .sdata.__malloc_trim_threshold
                0x0000000020000ec0        0x4 /home/lfvmu/.local/xPacks/@xpack-dev-tools/riscv-none-embed-gcc/10.2.0-1.2.1/.content/bin/../lib/gcc/riscv-none-embed/10.2.0/../../../../riscv-none-embed/lib/rv32i/ilp32/libg.a(lib_a-mallocr.o)
                0x0000000020000ec0                __malloc_trim_threshold
 *(.data*)
 .data          0x0000000020000ec4        0x0 /tmp/ccbSxr5E.o
 *fill*         0x0000000020000ec4        0x4 
 .data          0x0000000020000ec8       0x20 /tmp/cc98MT9E.o
                0x0000000020000ec8                stop_tag
                0x0000000020000ed8                _lf_default_argv
 .data          0x0000000020000ee8        0x0 /tmp/ccdDufLG.o
 .data          0x0000000020000ee8        0x0 /tmp/ccfrSluE.o
 .data          0x0000000020000ee8        0x0 /tmp/ccQUJmjE.o
 .data          0x0000000020000ee8        0x0 /tmp/ccWa1hFH.o
 .data          0x0000000020000ee8        0x0 /home/lfvmu/.local/xPacks/@xpack-dev-tools/riscv-none-embed-gcc/10.2.0-1.2.1/.content/bin/../lib/gcc/riscv-none-embed/10.2.0/rv32i/ilp32/libgcc.a(_divdi3.o)
 .data          0x0000000020000ee8        0x0 /home/lfvmu/.local/xPacks/@xpack-dev-tools/riscv-none-embed-gcc/10.2.0-1.2.1/.content/bin/../lib/gcc/riscv-none-embed/10.2.0/rv32i/ilp32/libgcc.a(_moddi3.o)
 .data          0x0000000020000ee8        0x0 /home/lfvmu/.local/xPacks/@xpack-dev-tools/riscv-none-embed-gcc/10.2.0-1.2.1/.content/bin/../lib/gcc/riscv-none-embed/10.2.0/rv32i/ilp32/libgcc.a(muldi3.o)
 .data          0x0000000020000ee8        0x0 /home/lfvmu/.local/xPacks/@xpack-dev-tools/riscv-none-embed-gcc/10.2.0-1.2.1/.content/bin/../lib/gcc/riscv-none-embed/10.2.0/rv32i/ilp32/libgcc.a(div.o)
 .data          0x0000000020000ee8        0x0 /home/lfvmu/.local/xPacks/@xpack-dev-tools/riscv-none-embed-gcc/10.2.0-1.2.1/.content/bin/../lib/gcc/riscv-none-embed/10.2.0/rv32i/ilp32/libgcc.a(_clz.o)
 .data          0x0000000020000ee8        0x0 /home/lfvmu/.local/xPacks/@xpack-dev-tools/riscv-none-embed-gcc/10.2.0-1.2.1/.content/bin/../lib/gcc/riscv-none-embed/10.2.0/../../../../riscv-none-embed/lib/rv32i/ilp32/libg.a(lib_a-assert.o)
 .data          0x0000000020000ee8        0x0 /home/lfvmu/.local/xPacks/@xpack-dev-tools/riscv-none-embed-gcc/10.2.0-1.2.1/.content/bin/../lib/gcc/riscv-none-embed/10.2.0/../../../../riscv-none-embed/lib/rv32i/ilp32/libg.a(lib_a-exit.o)
 .data          0x0000000020000ee8        0x0 /home/lfvmu/.local/xPacks/@xpack-dev-tools/riscv-none-embed-gcc/10.2.0-1.2.1/.content/bin/../lib/gcc/riscv-none-embed/10.2.0/../../../../riscv-none-embed/lib/rv32i/ilp32/libg.a(lib_a-fiprintf.o)
 .data          0x0000000020000ee8        0x0 /home/lfvmu/.local/xPacks/@xpack-dev-tools/riscv-none-embed-gcc/10.2.0-1.2.1/.content/bin/../lib/gcc/riscv-none-embed/10.2.0/../../../../riscv-none-embed/lib/rv32i/ilp32/libg.a(lib_a-impure.o)
 .data.impure_data
                0x0000000020000ee8      0x428 /home/lfvmu/.local/xPacks/@xpack-dev-tools/riscv-none-embed-gcc/10.2.0-1.2.1/.content/bin/../lib/gcc/riscv-none-embed/10.2.0/../../../../riscv-none-embed/lib/rv32i/ilp32/libg.a(lib_a-impure.o)
 .data          0x0000000020001310        0x0 /home/lfvmu/.local/xPacks/@xpack-dev-tools/riscv-none-embed-gcc/10.2.0-1.2.1/.content/bin/../lib/gcc/riscv-none-embed/10.2.0/../../../../riscv-none-embed/lib/rv32i/ilp32/libg.a(lib_a-memcpy.o)
 .data          0x0000000020001310        0x0 /home/lfvmu/.local/xPacks/@xpack-dev-tools/riscv-none-embed-gcc/10.2.0-1.2.1/.content/bin/../lib/gcc/riscv-none-embed/10.2.0/../../../../riscv-none-embed/lib/rv32i/ilp32/libg.a(lib_a-realloc.o)
 .data          0x0000000020001310        0x0 /home/lfvmu/.local/xPacks/@xpack-dev-tools/riscv-none-embed-gcc/10.2.0-1.2.1/.content/bin/../lib/gcc/riscv-none-embed/10.2.0/../../../../riscv-none-embed/lib/rv32i/ilp32/libg.a(lib_a-reallocr.o)
 .data          0x0000000020001310        0x0 /home/lfvmu/.local/xPacks/@xpack-dev-tools/riscv-none-embed-gcc/10.2.0-1.2.1/.content/bin/../lib/gcc/riscv-none-embed/10.2.0/../../../../riscv-none-embed/lib/rv32i/ilp32/libg.a(lib_a-strlen.o)
 .data          0x0000000020001310        0x0 /home/lfvmu/.local/xPacks/@xpack-dev-tools/riscv-none-embed-gcc/10.2.0-1.2.1/.content/bin/../lib/gcc/riscv-none-embed/10.2.0/../../../../riscv-none-embed/lib/rv32i/ilp32/libg.a(lib_a-vfiprintf.o)
 .data          0x0000000020001310        0x0 /home/lfvmu/.local/xPacks/@xpack-dev-tools/riscv-none-embed-gcc/10.2.0-1.2.1/.content/bin/../lib/gcc/riscv-none-embed/10.2.0/../../../../riscv-none-embed/lib/rv32i/ilp32/libg.a(lib_a-wsetup.o)
 .data          0x0000000020001310        0x0 /home/lfvmu/.local/xPacks/@xpack-dev-tools/riscv-none-embed-gcc/10.2.0-1.2.1/.content/bin/../lib/gcc/riscv-none-embed/10.2.0/../../../../riscv-none-embed/lib/rv32i/ilp32/libg.a(lib_a-abort.o)
 .data          0x0000000020001310        0x0 /home/lfvmu/.local/xPacks/@xpack-dev-tools/riscv-none-embed-gcc/10.2.0-1.2.1/.content/bin/../lib/gcc/riscv-none-embed/10.2.0/../../../../riscv-none-embed/lib/rv32i/ilp32/libg.a(lib_a-__call_atexit.o)
 .data          0x0000000020001310        0x0 /home/lfvmu/.local/xPacks/@xpack-dev-tools/riscv-none-embed-gcc/10.2.0-1.2.1/.content/bin/../lib/gcc/riscv-none-embed/10.2.0/../../../../riscv-none-embed/lib/rv32i/ilp32/libg.a(lib_a-fflush.o)
 .data          0x0000000020001310        0x0 /home/lfvmu/.local/xPacks/@xpack-dev-tools/riscv-none-embed-gcc/10.2.0-1.2.1/.content/bin/../lib/gcc/riscv-none-embed/10.2.0/../../../../riscv-none-embed/lib/rv32i/ilp32/libg.a(lib_a-findfp.o)
 .data          0x0000000020001310        0x0 /home/lfvmu/.local/xPacks/@xpack-dev-tools/riscv-none-embed-gcc/10.2.0-1.2.1/.content/bin/../lib/gcc/riscv-none-embed/10.2.0/../../../../riscv-none-embed/lib/rv32i/ilp32/libg.a(lib_a-fini.o)
 .data          0x0000000020001310        0x0 /home/lfvmu/.local/xPacks/@xpack-dev-tools/riscv-none-embed-gcc/10.2.0-1.2.1/.content/bin/../lib/gcc/riscv-none-embed/10.2.0/../../../../riscv-none-embed/lib/rv32i/ilp32/libg.a(lib_a-fputwc.o)
 .data          0x0000000020001310        0x0 /home/lfvmu/.local/xPacks/@xpack-dev-tools/riscv-none-embed-gcc/10.2.0-1.2.1/.content/bin/../lib/gcc/riscv-none-embed/10.2.0/../../../../riscv-none-embed/lib/rv32i/ilp32/libg.a(lib_a-freer.o)
 .data          0x0000000020001310        0x0 /home/lfvmu/.local/xPacks/@xpack-dev-tools/riscv-none-embed-gcc/10.2.0-1.2.1/.content/bin/../lib/gcc/riscv-none-embed/10.2.0/../../../../riscv-none-embed/lib/rv32i/ilp32/libg.a(lib_a-fvwrite.o)
 .data          0x0000000020001310        0x0 /home/lfvmu/.local/xPacks/@xpack-dev-tools/riscv-none-embed-gcc/10.2.0-1.2.1/.content/bin/../lib/gcc/riscv-none-embed/10.2.0/../../../../riscv-none-embed/lib/rv32i/ilp32/libg.a(lib_a-fwalk.o)
 .data          0x0000000020001310        0x0 /home/lfvmu/.local/xPacks/@xpack-dev-tools/riscv-none-embed-gcc/10.2.0-1.2.1/.content/bin/../lib/gcc/riscv-none-embed/10.2.0/../../../../riscv-none-embed/lib/rv32i/ilp32/libg.a(lib_a-localeconv.o)
 .data          0x0000000020001310        0x0 /home/lfvmu/.local/xPacks/@xpack-dev-tools/riscv-none-embed-gcc/10.2.0-1.2.1/.content/bin/../lib/gcc/riscv-none-embed/10.2.0/../../../../riscv-none-embed/lib/rv32i/ilp32/libg.a(lib_a-locale.o)
 .data.__global_locale
                0x0000000020001310      0x16c /home/lfvmu/.local/xPacks/@xpack-dev-tools/riscv-none-embed-gcc/10.2.0-1.2.1/.content/bin/../lib/gcc/riscv-none-embed/10.2.0/../../../../riscv-none-embed/lib/rv32i/ilp32/libg.a(lib_a-locale.o)
                0x0000000020001310                __global_locale
 .data          0x000000002000147c        0x0 /home/lfvmu/.local/xPacks/@xpack-dev-tools/riscv-none-embed-gcc/10.2.0-1.2.1/.content/bin/../lib/gcc/riscv-none-embed/10.2.0/../../../../riscv-none-embed/lib/rv32i/ilp32/libg.a(lib_a-makebuf.o)
 .data          0x000000002000147c        0x0 /home/lfvmu/.local/xPacks/@xpack-dev-tools/riscv-none-embed-gcc/10.2.0-1.2.1/.content/bin/../lib/gcc/riscv-none-embed/10.2.0/../../../../riscv-none-embed/lib/rv32i/ilp32/libg.a(lib_a-mallocr.o)
 .data.__malloc_av_
                0x000000002000147c      0x408 /home/lfvmu/.local/xPacks/@xpack-dev-tools/riscv-none-embed-gcc/10.2.0-1.2.1/.content/bin/../lib/gcc/riscv-none-embed/10.2.0/../../../../riscv-none-embed/lib/rv32i/ilp32/libg.a(lib_a-mallocr.o)
                0x000000002000147c                __malloc_av_
 .data          0x0000000020001884        0x0 /home/lfvmu/.local/xPacks/@xpack-dev-tools/riscv-none-embed-gcc/10.2.0-1.2.1/.content/bin/../lib/gcc/riscv-none-embed/10.2.0/../../../../riscv-none-embed/lib/rv32i/ilp32/libg.a(lib_a-mbtowc_r.o)
 .data          0x0000000020001884        0x0 /home/lfvmu/.local/xPacks/@xpack-dev-tools/riscv-none-embed-gcc/10.2.0-1.2.1/.content/bin/../lib/gcc/riscv-none-embed/10.2.0/../../../../riscv-none-embed/lib/rv32i/ilp32/libg.a(lib_a-memchr.o)
 .data          0x0000000020001884        0x0 /home/lfvmu/.local/xPacks/@xpack-dev-tools/riscv-none-embed-gcc/10.2.0-1.2.1/.content/bin/../lib/gcc/riscv-none-embed/10.2.0/../../../../riscv-none-embed/lib/rv32i/ilp32/libg.a(lib_a-memmove-stub.o)
 .data          0x0000000020001884        0x0 /home/lfvmu/.local/xPacks/@xpack-dev-tools/riscv-none-embed-gcc/10.2.0-1.2.1/.content/bin/../lib/gcc/riscv-none-embed/10.2.0/../../../../riscv-none-embed/lib/rv32i/ilp32/libg.a(lib_a-memset.o)
 .data          0x0000000020001884        0x0 /home/lfvmu/.local/xPacks/@xpack-dev-tools/riscv-none-embed-gcc/10.2.0-1.2.1/.content/bin/../lib/gcc/riscv-none-embed/10.2.0/../../../../riscv-none-embed/lib/rv32i/ilp32/libg.a(lib_a-mlock.o)
 .data          0x0000000020001884        0x0 /home/lfvmu/.local/xPacks/@xpack-dev-tools/riscv-none-embed-gcc/10.2.0-1.2.1/.content/bin/../lib/gcc/riscv-none-embed/10.2.0/../../../../riscv-none-embed/lib/rv32i/ilp32/libg.a(lib_a-sbrkr.o)
 .data          0x0000000020001884        0x0 /home/lfvmu/.local/xPacks/@xpack-dev-tools/riscv-none-embed-gcc/10.2.0-1.2.1/.content/bin/../lib/gcc/riscv-none-embed/10.2.0/../../../../riscv-none-embed/lib/rv32i/ilp32/libg.a(lib_a-signal.o)
 .data          0x0000000020001884        0x0 /home/lfvmu/.local/xPacks/@xpack-dev-tools/riscv-none-embed-gcc/10.2.0-1.2.1/.content/bin/../lib/gcc/riscv-none-embed/10.2.0/../../../../riscv-none-embed/lib/rv32i/ilp32/libg.a(lib_a-signalr.o)
 .data          0x0000000020001884        0x0 /home/lfvmu/.local/xPacks/@xpack-dev-tools/riscv-none-embed-gcc/10.2.0-1.2.1/.content/bin/../lib/gcc/riscv-none-embed/10.2.0/../../../../riscv-none-embed/lib/rv32i/ilp32/libg.a(lib_a-stdio.o)
 .data          0x0000000020001884        0x0 /home/lfvmu/.local/xPacks/@xpack-dev-tools/riscv-none-embed-gcc/10.2.0-1.2.1/.content/bin/../lib/gcc/riscv-none-embed/10.2.0/../../../../riscv-none-embed/lib/rv32i/ilp32/libg.a(lib_a-strcmp.o)
 .data          0x0000000020001884        0x0 /home/lfvmu/.local/xPacks/@xpack-dev-tools/riscv-none-embed-gcc/10.2.0-1.2.1/.content/bin/../lib/gcc/riscv-none-embed/10.2.0/../../../../riscv-none-embed/lib/rv32i/ilp32/libg.a(lib_a-strncpy.o)
 .data          0x0000000020001884        0x0 /home/lfvmu/.local/xPacks/@xpack-dev-tools/riscv-none-embed-gcc/10.2.0-1.2.1/.content/bin/../lib/gcc/riscv-none-embed/10.2.0/../../../../riscv-none-embed/lib/rv32i/ilp32/libg.a(lib_a-wbuf.o)
 .data          0x0000000020001884        0x0 /home/lfvmu/.local/xPacks/@xpack-dev-tools/riscv-none-embed-gcc/10.2.0-1.2.1/.content/bin/../lib/gcc/riscv-none-embed/10.2.0/../../../../riscv-none-embed/lib/rv32i/ilp32/libg.a(lib_a-wcrtomb.o)
 .data          0x0000000020001884        0x0 /home/lfvmu/.local/xPacks/@xpack-dev-tools/riscv-none-embed-gcc/10.2.0-1.2.1/.content/bin/../lib/gcc/riscv-none-embed/10.2.0/../../../../riscv-none-embed/lib/rv32i/ilp32/libg.a(lib_a-wctomb_r.o)
 .data          0x0000000020001884        0x0 /home/lfvmu/.local/xPacks/@xpack-dev-tools/riscv-none-embed-gcc/10.2.0-1.2.1/.content/bin/../lib/gcc/riscv-none-embed/10.2.0/../../../../riscv-none-embed/lib/rv32i/ilp32/libg.a(lib_a-writer.o)
 .data          0x0000000020001884        0x0 /home/lfvmu/.local/xPacks/@xpack-dev-tools/riscv-none-embed-gcc/10.2.0-1.2.1/.content/bin/../lib/gcc/riscv-none-embed/10.2.0/../../../../riscv-none-embed/lib/rv32i/ilp32/libg.a(lib_a-atexit.o)
 .data          0x0000000020001884        0x0 /home/lfvmu/.local/xPacks/@xpack-dev-tools/riscv-none-embed-gcc/10.2.0-1.2.1/.content/bin/../lib/gcc/riscv-none-embed/10.2.0/../../../../riscv-none-embed/lib/rv32i/ilp32/libg.a(lib_a-closer.o)
 .data          0x0000000020001884        0x0 /home/lfvmu/.local/xPacks/@xpack-dev-tools/riscv-none-embed-gcc/10.2.0-1.2.1/.content/bin/../lib/gcc/riscv-none-embed/10.2.0/../../../../riscv-none-embed/lib/rv32i/ilp32/libg.a(lib_a-ctype_.o)
 .data          0x0000000020001884        0x0 /home/lfvmu/.local/xPacks/@xpack-dev-tools/riscv-none-embed-gcc/10.2.0-1.2.1/.content/bin/../lib/gcc/riscv-none-embed/10.2.0/../../../../riscv-none-embed/lib/rv32i/ilp32/libg.a(lib_a-fclose.o)
 .data          0x0000000020001884        0x0 /home/lfvmu/.local/xPacks/@xpack-dev-tools/riscv-none-embed-gcc/10.2.0-1.2.1/.content/bin/../lib/gcc/riscv-none-embed/10.2.0/../../../../riscv-none-embed/lib/rv32i/ilp32/libg.a(lib_a-fstatr.o)
 .data          0x0000000020001884        0x0 /home/lfvmu/.local/xPacks/@xpack-dev-tools/riscv-none-embed-gcc/10.2.0-1.2.1/.content/bin/../lib/gcc/riscv-none-embed/10.2.0/../../../../riscv-none-embed/lib/rv32i/ilp32/libg.a(lib_a-isattyr.o)
 .data          0x0000000020001884        0x0 /home/lfvmu/.local/xPacks/@xpack-dev-tools/riscv-none-embed-gcc/10.2.0-1.2.1/.content/bin/../lib/gcc/riscv-none-embed/10.2.0/../../../../riscv-none-embed/lib/rv32i/ilp32/libg.a(lib_a-lseekr.o)
 .data          0x0000000020001884        0x0 /home/lfvmu/.local/xPacks/@xpack-dev-tools/riscv-none-embed-gcc/10.2.0-1.2.1/.content/bin/../lib/gcc/riscv-none-embed/10.2.0/../../../../riscv-none-embed/lib/rv32i/ilp32/libg.a(lib_a-readr.o)
 .data          0x0000000020001884        0x0 /home/lfvmu/.local/xPacks/@xpack-dev-tools/riscv-none-embed-gcc/10.2.0-1.2.1/.content/bin/../lib/gcc/riscv-none-embed/10.2.0/../../../../riscv-none-embed/lib/rv32i/ilp32/libg.a(lib_a-reent.o)
 .data          0x0000000020001884        0x0 /home/lfvmu/.local/xPacks/@xpack-dev-tools/riscv-none-embed-gcc/10.2.0-1.2.1/.content/bin/../lib/gcc/riscv-none-embed/10.2.0/../../../../riscv-none-embed/lib/rv32i/ilp32/libg.a(lib_a-__atexit.o)
 .data          0x0000000020001884        0x0 /home/lfvmu/.local/xPacks/@xpack-dev-tools/riscv-none-embed-gcc/10.2.0-1.2.1/.content/bin/../lib/gcc/riscv-none-embed/10.2.0/rv32i/ilp32/libgcc.a(_udivdi3.o)
 .data          0x0000000020001884        0x0 /home/lfvmu/.local/xPacks/@xpack-dev-tools/riscv-none-embed-gcc/10.2.0-1.2.1/.content/bin/../lib/gcc/riscv-none-embed/10.2.0/rv32i/ilp32/libgcc.a(_umoddi3.o)
 .data          0x0000000020001884        0x0 /home/lfvmu/.local/xPacks/@xpack-dev-tools/riscv-none-embed-gcc/10.2.0-1.2.1/.content/bin/../lib/gcc/riscv-none-embed/10.2.0/../../../../riscv-none-embed/lib/rv32i/ilp32/libnosys.a(close.o)
 .data          0x0000000020001884        0x0 /home/lfvmu/.local/xPacks/@xpack-dev-tools/riscv-none-embed-gcc/10.2.0-1.2.1/.content/bin/../lib/gcc/riscv-none-embed/10.2.0/../../../../riscv-none-embed/lib/rv32i/ilp32/libnosys.a(fstat.o)
 .data          0x0000000020001884        0x0 /home/lfvmu/.local/xPacks/@xpack-dev-tools/riscv-none-embed-gcc/10.2.0-1.2.1/.content/bin/../lib/gcc/riscv-none-embed/10.2.0/../../../../riscv-none-embed/lib/rv32i/ilp32/libnosys.a(getpid.o)
 .data          0x0000000020001884        0x0 /home/lfvmu/.local/xPacks/@xpack-dev-tools/riscv-none-embed-gcc/10.2.0-1.2.1/.content/bin/../lib/gcc/riscv-none-embed/10.2.0/../../../../riscv-none-embed/lib/rv32i/ilp32/libnosys.a(isatty.o)
 .data          0x0000000020001884        0x0 /home/lfvmu/.local/xPacks/@xpack-dev-tools/riscv-none-embed-gcc/10.2.0-1.2.1/.content/bin/../lib/gcc/riscv-none-embed/10.2.0/../../../../riscv-none-embed/lib/rv32i/ilp32/libnosys.a(kill.o)
 .data          0x0000000020001884        0x0 /home/lfvmu/.local/xPacks/@xpack-dev-tools/riscv-none-embed-gcc/10.2.0-1.2.1/.content/bin/../lib/gcc/riscv-none-embed/10.2.0/../../../../riscv-none-embed/lib/rv32i/ilp32/libnosys.a(lseek.o)
 .data          0x0000000020001884        0x0 /home/lfvmu/.local/xPacks/@xpack-dev-tools/riscv-none-embed-gcc/10.2.0-1.2.1/.content/bin/../lib/gcc/riscv-none-embed/10.2.0/../../../../riscv-none-embed/lib/rv32i/ilp32/libnosys.a(read.o)
 .data          0x0000000020001884        0x0 /home/lfvmu/.local/xPacks/@xpack-dev-tools/riscv-none-embed-gcc/10.2.0-1.2.1/.content/bin/../lib/gcc/riscv-none-embed/10.2.0/../../../../riscv-none-embed/lib/rv32i/ilp32/libnosys.a(sbrk.o)
 .data          0x0000000020001884        0x0 /home/lfvmu/.local/xPacks/@xpack-dev-tools/riscv-none-embed-gcc/10.2.0-1.2.1/.content/bin/../lib/gcc/riscv-none-embed/10.2.0/../../../../riscv-none-embed/lib/rv32i/ilp32/libnosys.a(write.o)
 .data          0x0000000020001884        0x0 /home/lfvmu/.local/xPacks/@xpack-dev-tools/riscv-none-embed-gcc/10.2.0-1.2.1/.content/bin/../lib/gcc/riscv-none-embed/10.2.0/../../../../riscv-none-embed/lib/rv32i/ilp32/libnosys.a(_exit.o)
                0x0000000020001884                bss_start = .

.init_array.00000
                0x0000000020001884        0x4
 .init_array.00000
                0x0000000020001884        0x4 /home/lfvmu/.local/xPacks/@xpack-dev-tools/riscv-none-embed-gcc/10.2.0-1.2.1/.content/bin/../lib/gcc/riscv-none-embed/10.2.0/../../../../riscv-none-embed/lib/rv32i/ilp32/libg.a(lib_a-__call_atexit.o)

.bss            0x0000000020001888      0x108
 *(.bss*)
 .bss           0x0000000020001888        0x0 /tmp/ccbSxr5E.o
 .bss           0x0000000020001888       0x1c /tmp/cc98MT9E.o
                0x0000000020001888                current_tag
 .bss           0x00000000200018a4        0x0 /tmp/ccdDufLG.o
 .bss           0x00000000200018a4        0x0 /tmp/ccfrSluE.o
 .bss           0x00000000200018a4        0x0 /tmp/ccQUJmjE.o
 .bss           0x00000000200018a4       0x14 /tmp/ccWa1hFH.o
 .bss           0x00000000200018b8        0x0 /home/lfvmu/.local/xPacks/@xpack-dev-tools/riscv-none-embed-gcc/10.2.0-1.2.1/.content/bin/../lib/gcc/riscv-none-embed/10.2.0/rv32i/ilp32/libgcc.a(_divdi3.o)
 .bss           0x00000000200018b8        0x0 /home/lfvmu/.local/xPacks/@xpack-dev-tools/riscv-none-embed-gcc/10.2.0-1.2.1/.content/bin/../lib/gcc/riscv-none-embed/10.2.0/rv32i/ilp32/libgcc.a(_moddi3.o)
 .bss           0x00000000200018b8        0x0 /home/lfvmu/.local/xPacks/@xpack-dev-tools/riscv-none-embed-gcc/10.2.0-1.2.1/.content/bin/../lib/gcc/riscv-none-embed/10.2.0/rv32i/ilp32/libgcc.a(muldi3.o)
 .bss           0x00000000200018b8        0x0 /home/lfvmu/.local/xPacks/@xpack-dev-tools/riscv-none-embed-gcc/10.2.0-1.2.1/.content/bin/../lib/gcc/riscv-none-embed/10.2.0/rv32i/ilp32/libgcc.a(div.o)
 .bss           0x00000000200018b8        0x0 /home/lfvmu/.local/xPacks/@xpack-dev-tools/riscv-none-embed-gcc/10.2.0-1.2.1/.content/bin/../lib/gcc/riscv-none-embed/10.2.0/rv32i/ilp32/libgcc.a(_clz.o)
 .bss           0x00000000200018b8        0x0 /home/lfvmu/.local/xPacks/@xpack-dev-tools/riscv-none-embed-gcc/10.2.0-1.2.1/.content/bin/../lib/gcc/riscv-none-embed/10.2.0/../../../../riscv-none-embed/lib/rv32i/ilp32/libg.a(lib_a-assert.o)
 .bss           0x00000000200018b8        0x0 /home/lfvmu/.local/xPacks/@xpack-dev-tools/riscv-none-embed-gcc/10.2.0-1.2.1/.content/bin/../lib/gcc/riscv-none-embed/10.2.0/../../../../riscv-none-embed/lib/rv32i/ilp32/libg.a(lib_a-exit.o)
 .bss           0x00000000200018b8        0x0 /home/lfvmu/.local/xPacks/@xpack-dev-tools/riscv-none-embed-gcc/10.2.0-1.2.1/.content/bin/../lib/gcc/riscv-none-embed/10.2.0/../../../../riscv-none-embed/lib/rv32i/ilp32/libg.a(lib_a-fiprintf.o)
 .bss           0x00000000200018b8        0x0 /home/lfvmu/.local/xPacks/@xpack-dev-tools/riscv-none-embed-gcc/10.2.0-1.2.1/.content/bin/../lib/gcc/riscv-none-embed/10.2.0/../../../../riscv-none-embed/lib/rv32i/ilp32/libg.a(lib_a-impure.o)
 .bss           0x00000000200018b8        0x0 /home/lfvmu/.local/xPacks/@xpack-dev-tools/riscv-none-embed-gcc/10.2.0-1.2.1/.content/bin/../lib/gcc/riscv-none-embed/10.2.0/../../../../riscv-none-embed/lib/rv32i/ilp32/libg.a(lib_a-memcpy.o)
 .bss           0x00000000200018b8        0x0 /home/lfvmu/.local/xPacks/@xpack-dev-tools/riscv-none-embed-gcc/10.2.0-1.2.1/.content/bin/../lib/gcc/riscv-none-embed/10.2.0/../../../../riscv-none-embed/lib/rv32i/ilp32/libg.a(lib_a-realloc.o)
 .bss           0x00000000200018b8        0x0 /home/lfvmu/.local/xPacks/@xpack-dev-tools/riscv-none-embed-gcc/10.2.0-1.2.1/.content/bin/../lib/gcc/riscv-none-embed/10.2.0/../../../../riscv-none-embed/lib/rv32i/ilp32/libg.a(lib_a-reallocr.o)
 .bss           0x00000000200018b8        0x0 /home/lfvmu/.local/xPacks/@xpack-dev-tools/riscv-none-embed-gcc/10.2.0-1.2.1/.content/bin/../lib/gcc/riscv-none-embed/10.2.0/../../../../riscv-none-embed/lib/rv32i/ilp32/libg.a(lib_a-strlen.o)
 .bss           0x00000000200018b8        0x0 /home/lfvmu/.local/xPacks/@xpack-dev-tools/riscv-none-embed-gcc/10.2.0-1.2.1/.content/bin/../lib/gcc/riscv-none-embed/10.2.0/../../../../riscv-none-embed/lib/rv32i/ilp32/libg.a(lib_a-vfiprintf.o)
 .bss           0x00000000200018b8        0x0 /home/lfvmu/.local/xPacks/@xpack-dev-tools/riscv-none-embed-gcc/10.2.0-1.2.1/.content/bin/../lib/gcc/riscv-none-embed/10.2.0/../../../../riscv-none-embed/lib/rv32i/ilp32/libg.a(lib_a-wsetup.o)
 .bss           0x00000000200018b8        0x0 /home/lfvmu/.local/xPacks/@xpack-dev-tools/riscv-none-embed-gcc/10.2.0-1.2.1/.content/bin/../lib/gcc/riscv-none-embed/10.2.0/../../../../riscv-none-embed/lib/rv32i/ilp32/libg.a(lib_a-abort.o)
 .bss           0x00000000200018b8        0x0 /home/lfvmu/.local/xPacks/@xpack-dev-tools/riscv-none-embed-gcc/10.2.0-1.2.1/.content/bin/../lib/gcc/riscv-none-embed/10.2.0/../../../../riscv-none-embed/lib/rv32i/ilp32/libg.a(lib_a-__call_atexit.o)
 .bss           0x00000000200018b8        0x0 /home/lfvmu/.local/xPacks/@xpack-dev-tools/riscv-none-embed-gcc/10.2.0-1.2.1/.content/bin/../lib/gcc/riscv-none-embed/10.2.0/../../../../riscv-none-embed/lib/rv32i/ilp32/libg.a(lib_a-fflush.o)
 .bss           0x00000000200018b8        0x0 /home/lfvmu/.local/xPacks/@xpack-dev-tools/riscv-none-embed-gcc/10.2.0-1.2.1/.content/bin/../lib/gcc/riscv-none-embed/10.2.0/../../../../riscv-none-embed/lib/rv32i/ilp32/libg.a(lib_a-findfp.o)
 .bss           0x00000000200018b8        0x0 /home/lfvmu/.local/xPacks/@xpack-dev-tools/riscv-none-embed-gcc/10.2.0-1.2.1/.content/bin/../lib/gcc/riscv-none-embed/10.2.0/../../../../riscv-none-embed/lib/rv32i/ilp32/libg.a(lib_a-fini.o)
 .bss           0x00000000200018b8        0x0 /home/lfvmu/.local/xPacks/@xpack-dev-tools/riscv-none-embed-gcc/10.2.0-1.2.1/.content/bin/../lib/gcc/riscv-none-embed/10.2.0/../../../../riscv-none-embed/lib/rv32i/ilp32/libg.a(lib_a-fputwc.o)
 .bss           0x00000000200018b8        0x0 /home/lfvmu/.local/xPacks/@xpack-dev-tools/riscv-none-embed-gcc/10.2.0-1.2.1/.content/bin/../lib/gcc/riscv-none-embed/10.2.0/../../../../riscv-none-embed/lib/rv32i/ilp32/libg.a(lib_a-freer.o)
 .bss           0x00000000200018b8        0x0 /home/lfvmu/.local/xPacks/@xpack-dev-tools/riscv-none-embed-gcc/10.2.0-1.2.1/.content/bin/../lib/gcc/riscv-none-embed/10.2.0/../../../../riscv-none-embed/lib/rv32i/ilp32/libg.a(lib_a-fvwrite.o)
 .bss           0x00000000200018b8        0x0 /home/lfvmu/.local/xPacks/@xpack-dev-tools/riscv-none-embed-gcc/10.2.0-1.2.1/.content/bin/../lib/gcc/riscv-none-embed/10.2.0/../../../../riscv-none-embed/lib/rv32i/ilp32/libg.a(lib_a-fwalk.o)
 .bss           0x00000000200018b8        0x0 /home/lfvmu/.local/xPacks/@xpack-dev-tools/riscv-none-embed-gcc/10.2.0-1.2.1/.content/bin/../lib/gcc/riscv-none-embed/10.2.0/../../../../riscv-none-embed/lib/rv32i/ilp32/libg.a(lib_a-localeconv.o)
 .bss           0x00000000200018b8        0x0 /home/lfvmu/.local/xPacks/@xpack-dev-tools/riscv-none-embed-gcc/10.2.0-1.2.1/.content/bin/../lib/gcc/riscv-none-embed/10.2.0/../../../../riscv-none-embed/lib/rv32i/ilp32/libg.a(lib_a-locale.o)
 .bss           0x00000000200018b8        0x0 /home/lfvmu/.local/xPacks/@xpack-dev-tools/riscv-none-embed-gcc/10.2.0-1.2.1/.content/bin/../lib/gcc/riscv-none-embed/10.2.0/../../../../riscv-none-embed/lib/rv32i/ilp32/libg.a(lib_a-makebuf.o)
 .bss           0x00000000200018b8        0x0 /home/lfvmu/.local/xPacks/@xpack-dev-tools/riscv-none-embed-gcc/10.2.0-1.2.1/.content/bin/../lib/gcc/riscv-none-embed/10.2.0/../../../../riscv-none-embed/lib/rv32i/ilp32/libg.a(lib_a-mallocr.o)
 .bss.__malloc_current_mallinfo
                0x00000000200018b8       0x28 /home/lfvmu/.local/xPacks/@xpack-dev-tools/riscv-none-embed-gcc/10.2.0-1.2.1/.content/bin/../lib/gcc/riscv-none-embed/10.2.0/../../../../riscv-none-embed/lib/rv32i/ilp32/libg.a(lib_a-mallocr.o)
                0x00000000200018b8                __malloc_current_mallinfo
 .bss           0x00000000200018e0        0x0 /home/lfvmu/.local/xPacks/@xpack-dev-tools/riscv-none-embed-gcc/10.2.0-1.2.1/.content/bin/../lib/gcc/riscv-none-embed/10.2.0/../../../../riscv-none-embed/lib/rv32i/ilp32/libg.a(lib_a-mbtowc_r.o)
 .bss           0x00000000200018e0        0x0 /home/lfvmu/.local/xPacks/@xpack-dev-tools/riscv-none-embed-gcc/10.2.0-1.2.1/.content/bin/../lib/gcc/riscv-none-embed/10.2.0/../../../../riscv-none-embed/lib/rv32i/ilp32/libg.a(lib_a-memchr.o)
 .bss           0x00000000200018e0        0x0 /home/lfvmu/.local/xPacks/@xpack-dev-tools/riscv-none-embed-gcc/10.2.0-1.2.1/.content/bin/../lib/gcc/riscv-none-embed/10.2.0/../../../../riscv-none-embed/lib/rv32i/ilp32/libg.a(lib_a-memmove-stub.o)
 .bss           0x00000000200018e0        0x0 /home/lfvmu/.local/xPacks/@xpack-dev-tools/riscv-none-embed-gcc/10.2.0-1.2.1/.content/bin/../lib/gcc/riscv-none-embed/10.2.0/../../../../riscv-none-embed/lib/rv32i/ilp32/libg.a(lib_a-memset.o)
 .bss           0x00000000200018e0        0x0 /home/lfvmu/.local/xPacks/@xpack-dev-tools/riscv-none-embed-gcc/10.2.0-1.2.1/.content/bin/../lib/gcc/riscv-none-embed/10.2.0/../../../../riscv-none-embed/lib/rv32i/ilp32/libg.a(lib_a-mlock.o)
 .bss           0x00000000200018e0        0x0 /home/lfvmu/.local/xPacks/@xpack-dev-tools/riscv-none-embed-gcc/10.2.0-1.2.1/.content/bin/../lib/gcc/riscv-none-embed/10.2.0/../../../../riscv-none-embed/lib/rv32i/ilp32/libg.a(lib_a-sbrkr.o)
 .bss           0x00000000200018e0        0x0 /home/lfvmu/.local/xPacks/@xpack-dev-tools/riscv-none-embed-gcc/10.2.0-1.2.1/.content/bin/../lib/gcc/riscv-none-embed/10.2.0/../../../../riscv-none-embed/lib/rv32i/ilp32/libg.a(lib_a-signal.o)
 .bss           0x00000000200018e0        0x0 /home/lfvmu/.local/xPacks/@xpack-dev-tools/riscv-none-embed-gcc/10.2.0-1.2.1/.content/bin/../lib/gcc/riscv-none-embed/10.2.0/../../../../riscv-none-embed/lib/rv32i/ilp32/libg.a(lib_a-signalr.o)
 .bss           0x00000000200018e0        0x0 /home/lfvmu/.local/xPacks/@xpack-dev-tools/riscv-none-embed-gcc/10.2.0-1.2.1/.content/bin/../lib/gcc/riscv-none-embed/10.2.0/../../../../riscv-none-embed/lib/rv32i/ilp32/libg.a(lib_a-stdio.o)
 .bss           0x00000000200018e0        0x0 /home/lfvmu/.local/xPacks/@xpack-dev-tools/riscv-none-embed-gcc/10.2.0-1.2.1/.content/bin/../lib/gcc/riscv-none-embed/10.2.0/../../../../riscv-none-embed/lib/rv32i/ilp32/libg.a(lib_a-strcmp.o)
 .bss           0x00000000200018e0        0x0 /home/lfvmu/.local/xPacks/@xpack-dev-tools/riscv-none-embed-gcc/10.2.0-1.2.1/.content/bin/../lib/gcc/riscv-none-embed/10.2.0/../../../../riscv-none-embed/lib/rv32i/ilp32/libg.a(lib_a-strncpy.o)
 .bss           0x00000000200018e0        0x0 /home/lfvmu/.local/xPacks/@xpack-dev-tools/riscv-none-embed-gcc/10.2.0-1.2.1/.content/bin/../lib/gcc/riscv-none-embed/10.2.0/../../../../riscv-none-embed/lib/rv32i/ilp32/libg.a(lib_a-wbuf.o)
 .bss           0x00000000200018e0        0x0 /home/lfvmu/.local/xPacks/@xpack-dev-tools/riscv-none-embed-gcc/10.2.0-1.2.1/.content/bin/../lib/gcc/riscv-none-embed/10.2.0/../../../../riscv-none-embed/lib/rv32i/ilp32/libg.a(lib_a-wcrtomb.o)
 .bss           0x00000000200018e0        0x0 /home/lfvmu/.local/xPacks/@xpack-dev-tools/riscv-none-embed-gcc/10.2.0-1.2.1/.content/bin/../lib/gcc/riscv-none-embed/10.2.0/../../../../riscv-none-embed/lib/rv32i/ilp32/libg.a(lib_a-wctomb_r.o)
 .bss           0x00000000200018e0        0x0 /home/lfvmu/.local/xPacks/@xpack-dev-tools/riscv-none-embed-gcc/10.2.0-1.2.1/.content/bin/../lib/gcc/riscv-none-embed/10.2.0/../../../../riscv-none-embed/lib/rv32i/ilp32/libg.a(lib_a-writer.o)